Component: ARM Compiler 5.06 update 6 (build 750) Tool: armlink [4d35ed]

==============================================================================

Section Cross References

    startup_stm32g070xx.o(RESET) refers to startup_stm32g070xx.o(STACK) for __initial_sp
    startup_stm32g070xx.o(RESET) refers to startup_stm32g070xx.o(.text) for Reset_Handler
    startup_stm32g070xx.o(RESET) refers to stm32g0xx_it.o(i.NMI_Handler) for NMI_Handler
    startup_stm32g070xx.o(RESET) refers to stm32g0xx_it.o(i.HardFault_Handler) for HardFault_Handler
    startup_stm32g070xx.o(RESET) refers to stm32g0xx_it.o(i.SVC_Handler) for SVC_Handler
    startup_stm32g070xx.o(RESET) refers to stm32g0xx_it.o(i.PendSV_Handler) for PendSV_Handler
    startup_stm32g070xx.o(RESET) refers to stm32g0xx_it.o(i.SysTick_Handler) for SysTick_Handler
    startup_stm32g070xx.o(RESET) refers to stm32g0xx_it.o(i.SPI1_IRQHandler) for SPI1_IRQHandler
    startup_stm32g070xx.o(RESET) refers to usr_uart.o(i.USART3_4_IRQHandler) for USART3_4_IRQHandler
    startup_stm32g070xx.o(.text) refers to system_stm32g0xx.o(i.SystemInit) for SystemInit
    startup_stm32g070xx.o(.text) refers to entry.o(.ARM.Collect$$$$00000000) for __main
    usr_gpio.o(i.GPIO_init) refers to memseta.o(.text) for __aeabi_memclr4
    usr_gpio.o(i.GPIO_init) refers to stm32g0xx_ll_gpio.o(i.LL_GPIO_Init) for LL_GPIO_Init
    usr_timer.o(i.SystemClock_Config) refers to stm32g0xx_ll_utils.o(i.LL_Init1msTick) for LL_Init1msTick
    usr_timer.o(i.SystemClock_Config) refers to stm32g0xx_ll_utils.o(i.LL_SetSystemCoreClock) for LL_SetSystemCoreClock
    usr_timer.o(i.SystemClock_Config) refers to usr_timer.o(i.LL_RCC_SetUSARTClockSource) for LL_RCC_SetUSARTClockSource
    usr_timer.o(i.TIM3_IntInit) refers to memseta.o(.text) for __aeabi_memclr4
    usr_timer.o(i.TIM3_IntInit) refers to usr_timer.o(i.__NVIC_SetPriority) for __NVIC_SetPriority
    usr_timer.o(i.TIM3_IntInit) refers to stm32g0xx_ll_tim.o(i.LL_TIM_Init) for LL_TIM_Init
    usr_timer.o(i.TIMER_Init) refers to usr_timer.o(i.TIM3_IntInit) for TIM3_IntInit
    usr_uart.o(i.UART_Init) refers to usr_uart.o(i.UART_InitUartDebug) for UART_InitUartDebug
    usr_uart.o(i.UART_InitUartDebug) refers to memseta.o(.text) for __aeabi_memclr4
    usr_uart.o(i.UART_InitUartDebug) refers to stm32g0xx_ll_gpio.o(i.LL_GPIO_Init) for LL_GPIO_Init
    usr_uart.o(i.UART_InitUartDebug) refers to usr_uart.o(i.__NVIC_SetPriority) for __NVIC_SetPriority
    usr_uart.o(i.UART_InitUartDebug) refers to stm32g0xx_ll_usart.o(i.LL_USART_Init) for LL_USART_Init
    usr_uart.o(i.USART3_4_IRQHandler) refers to usr_uart.o(i.LL_USART_IsActiveFlag_IDLE) for LL_USART_IsActiveFlag_IDLE
    usr_uart.o(i.USART3_4_IRQHandler) refers to usr_uart.o(i.LL_USART_IsActiveFlag_ORE) for LL_USART_IsActiveFlag_ORE
    usr_uart.o(i.USART3_4_IRQHandler) refers to usr_uart.o(i.LL_USART_IsActiveFlag_RXNE_RXFNE) for LL_USART_IsActiveFlag_RXNE_RXFNE
    segger_rtt.o(i.SEGGER_RTT_AllocDownBuffer) refers to segger_rtt.o(i._DoInit) for _DoInit
    segger_rtt.o(i.SEGGER_RTT_AllocDownBuffer) refers to segger_rtt.o(.bss) for _SEGGER_RTT
    segger_rtt.o(i.SEGGER_RTT_AllocUpBuffer) refers to segger_rtt.o(i._DoInit) for _DoInit
    segger_rtt.o(i.SEGGER_RTT_AllocUpBuffer) refers to segger_rtt.o(.bss) for _SEGGER_RTT
    segger_rtt.o(i.SEGGER_RTT_ConfigDownBuffer) refers to segger_rtt.o(i._DoInit) for _DoInit
    segger_rtt.o(i.SEGGER_RTT_ConfigDownBuffer) refers to segger_rtt.o(.bss) for _SEGGER_RTT
    segger_rtt.o(i.SEGGER_RTT_ConfigUpBuffer) refers to segger_rtt.o(i._DoInit) for _DoInit
    segger_rtt.o(i.SEGGER_RTT_ConfigUpBuffer) refers to segger_rtt.o(.bss) for _SEGGER_RTT
    segger_rtt.o(i.SEGGER_RTT_GetAvailWriteSpace) refers to segger_rtt.o(i._GetAvailWriteSpace) for _GetAvailWriteSpace
    segger_rtt.o(i.SEGGER_RTT_GetAvailWriteSpace) refers to segger_rtt.o(.bss) for _SEGGER_RTT
    segger_rtt.o(i.SEGGER_RTT_GetBytesInBuffer) refers to segger_rtt.o(.bss) for _SEGGER_RTT
    segger_rtt.o(i.SEGGER_RTT_GetKey) refers to segger_rtt.o(i.SEGGER_RTT_Read) for SEGGER_RTT_Read
    segger_rtt.o(i.SEGGER_RTT_HasData) refers to segger_rtt.o(.bss) for _SEGGER_RTT
    segger_rtt.o(i.SEGGER_RTT_HasDataUp) refers to segger_rtt.o(.bss) for _SEGGER_RTT
    segger_rtt.o(i.SEGGER_RTT_HasKey) refers to segger_rtt.o(i._DoInit) for _DoInit
    segger_rtt.o(i.SEGGER_RTT_HasKey) refers to segger_rtt.o(.bss) for _SEGGER_RTT
    segger_rtt.o(i.SEGGER_RTT_Init) refers to segger_rtt.o(i._DoInit) for _DoInit
    segger_rtt.o(i.SEGGER_RTT_PutChar) refers to segger_rtt.o(i._DoInit) for _DoInit
    segger_rtt.o(i.SEGGER_RTT_PutChar) refers to segger_rtt.o(.bss) for _SEGGER_RTT
    segger_rtt.o(i.SEGGER_RTT_PutCharSkip) refers to segger_rtt.o(i._DoInit) for _DoInit
    segger_rtt.o(i.SEGGER_RTT_PutCharSkip) refers to segger_rtt.o(.bss) for _SEGGER_RTT
    segger_rtt.o(i.SEGGER_RTT_PutCharSkipNoLock) refers to segger_rtt.o(.bss) for _SEGGER_RTT
[...]
    segger_rtt_printf.o(i.SEGGER_RTT_vprintf) refers to segger_rtt_printf.o(i._StoreChar) for _StoreChar
    segger_rtt_printf.o(i.SEGGER_RTT_vprintf) refers to segger_rtt_printf.o(i._PrintInt) for _PrintInt
    segger_rtt_printf.o(i.SEGGER_RTT_vprintf) refers to segger_rtt_printf.o(i._PrintUnsigned) for _PrintUnsigned
    segger_rtt_printf.o(i.SEGGER_RTT_vprintf) refers to segger_rtt.o(i.SEGGER_RTT_Write) for SEGGER_RTT_Write
    segger_rtt_printf.o(i._PrintInt) refers to idiv.o(.text) for __aeabi_idivmod
    segger_rtt_printf.o(i._PrintInt) refers to segger_rtt_printf.o(i._StoreChar) for _StoreChar
    segger_rtt_printf.o(i._PrintInt) refers to segger_rtt_printf.o(i._PrintUnsigned) for _PrintUnsigned
    segger_rtt_printf.o(i._PrintUnsigned) refers to uidiv.o(.text) for __aeabi_uidivmod
    segger_rtt_printf.o(i._PrintUnsigned) refers to segger_rtt_printf.o(i._StoreChar) for _StoreChar
    segger_rtt_printf.o(i._PrintUnsigned) refers to segger_rtt_printf.o(.constdata) for _aV2C
    segger_rtt_printf.o(i._StoreChar) refers to segger_rtt.o(i.SEGGER_RTT_Write) for SEGGER_RTT_Write
    system_stm32g0xx.o(i.SystemCoreClockUpdate) refers to uidiv.o(.text) for __aeabi_uidivmod
    system_stm32g0xx.o(i.SystemCoreClockUpdate) refers to system_stm32g0xx.o(.data) for SystemCoreClock
    system_stm32g0xx.o(i.SystemCoreClockUpdate) refers to system_stm32g0xx.o(.constdata) for AHBPrescTable
    usr_exflash.o(i.EXFLASH_EraseSector) refers to usr_exflash.o(i.FLASH_WriteEnable) for FLASH_WriteEnable
    usr_exflash.o(i.EXFLASH_EraseSector) refers to usr_exflash.o(i.LL_GPIO_ResetOutputPin) for LL_GPIO_ResetOutputPin
    usr_exflash.o(i.EXFLASH_EraseSector) refers to usr_exflash.o(i.FLASH_SendByte) for FLASH_SendByte
    usr_exflash.o(i.EXFLASH_EraseSector) refers to usr_exflash.o(i.LL_GPIO_SetOutputPin) for LL_GPIO_SetOutputPin
    usr_exflash.o(i.EXFLASH_EraseSector) refers to usr_exflash.o(i.FLASH_WaitForWriteEnd) for FLASH_WaitForWriteEnd
    usr_exflash.o(i.EXFLASH_Init) refers to usr_exflash.o(i.EXFLASH_EraseSector) for EXFLASH_EraseSector
    usr_exflash.o(i.EXFLASH_ReadBuffer) refers to usr_exflash.o(i.LL_GPIO_ResetOutputPin) for LL_GPIO_ResetOutputPin
    usr_exflash.o(i.EXFLASH_ReadBuffer) refers to usr_exflash.o(i.FLASH_SendByte) for FLASH_SendByte
    usr_exflash.o(i.EXFLASH_ReadBuffer) refers to usr_exflash.o(i.LL_GPIO_SetOutputPin) for LL_GPIO_SetOutputPin
    usr_exflash.o(i.EXFLASH_SpiInit) refers to usr_exflash.o(i.FLASH_LowLevel_Init) for FLASH_LowLevel_Init
    usr_exflash.o(i.EXFLASH_SpiInit) refers to usr_exflash.o(i.LL_GPIO_SetOutputPin) for LL_GPIO_SetOutputPin
    usr_exflash.o(i.EXFLASH_SpiInit) refers to stm32g0xx_ll_spi.o(i.LL_SPI_Init) for LL_SPI_Init
    usr_exflash.o(i.EXFLASH_WriteBuffer) refers to usr_exflash.o(i.FLASH_WritePage) for FLASH_WritePage
    usr_exflash.o(i.FLASH_EraseBulk) refers to usr_exflash.o(i.FLASH_WriteEnable) for FLASH_WriteEnable
    usr_exflash.o(i.FLASH_EraseBulk) refers to usr_exflash.o(i.LL_GPIO_ResetOutputPin) for LL_GPIO_ResetOutputPin
    usr_exflash.o(i.FLASH_EraseBulk) refers to usr_exflash.o(i.FLASH_SendByte) for FLASH_SendByte
    usr_exflash.o(i.FLASH_EraseBulk) refers to usr_exflash.o(i.LL_GPIO_SetOutputPin) for LL_GPIO_SetOutputPin
    usr_exflash.o(i.FLASH_EraseBulk) refers to usr_exflash.o(i.FLASH_WaitForWriteEnd) for FLASH_WaitForWriteEnd
    usr_exflash.o(i.FLASH_LowLevel_Init) refers to usr_exflash.o(i.LL_IOP_GRP1_EnableClock) for LL_IOP_GRP1_EnableClock
    usr_exflash.o(i.FLASH_LowLevel_Init) refers to stm32g0xx_ll_gpio.o(i.LL_GPIO_Init) for LL_GPIO_Init
    usr_exflash.o(i.FLASH_ReadID) refers to usr_exflash.o(i.LL_GPIO_ResetOutputPin) for LL_GPIO_ResetOutputPin
    usr_exflash.o(i.FLASH_ReadID) refers to usr_exflash.o(i.FLASH_SendByte) for FLASH_SendByte
    usr_exflash.o(i.FLASH_ReadID) refers to usr_exflash.o(i.LL_GPIO_SetOutputPin) for LL_GPIO_SetOutputPin
    usr_exflash.o(i.FLASH_SendByte) refers to usr_exflash.o(i.LL_SPI_IsActiveFlag_TXE) for LL_SPI_IsActiveFlag_TXE
    usr_exflash.o(i.FLASH_SendByte) refers to usr_exflash.o(i.LL_SPI_IsActiveFlag_RXNE) for LL_SPI_IsActiveFlag_RXNE
    usr_exflash.o(i.FLASH_SendHalfWord) refers to usr_exflash.o(i.LL_SPI_IsActiveFlag_TXE) for LL_SPI_IsActiveFlag_TXE
    usr_exflash.o(i.FLASH_SendHalfWord) refers to usr_exflash.o(i.LL_SPI_IsActiveFlag_RXNE) for LL_SPI_IsActiveFlag_RXNE
    usr_exflash.o(i.FLASH_StartReadSequence) refers to usr_exflash.o(i.LL_GPIO_ResetOutputPin) for LL_GPIO_ResetOutputPin
    usr_exflash.o(i.FLASH_StartReadSequence) refers to usr_exflash.o(i.FLASH_SendByte) for FLASH_SendByte
    usr_exflash.o(i.FLASH_WaitForWriteEnd) refers to usr_exflash.o(i.LL_GPIO_ResetOutputPin) for LL_GPIO_ResetOutputPin
    usr_exflash.o(i.FLASH_WaitForWriteEnd) refers to usr_exflash.o(i.FLASH_SendByte) for FLASH_SendByte
    usr_exflash.o(i.FLASH_WaitForWriteEnd) refers to usr_exflash.o(i.LL_GPIO_SetOutputPin) for LL_GPIO_SetOutputPin
    usr_exflash.o(i.FLASH_WriteEnable) refers to usr_exflash.o(i.LL_GPIO_ResetOutputPin) for LL_GPIO_ResetOutputPin
    usr_exflash.o(i.FLASH_WriteEnable) refers to usr_exflash.o(i.FLASH_SendByte) for FLASH_SendByte
    usr_exflash.o(i.FLASH_WriteEnable) refers to usr_exflash.o(i.LL_GPIO_SetOutputPin) for LL_GPIO_SetOutputPin
    usr_exflash.o(i.FLASH_WritePage) refers to usr_exflash.o(i.FLASH_WriteEnable) for FLASH_WriteEnable
    usr_exflash.o(i.FLASH_WritePage) refers to usr_exflash.o(i.LL_GPIO_ResetOutputPin) for LL_GPIO_ResetOutputPin
    usr_exflash.o(i.FLASH_WritePage) refers to usr_exflash.o(i.FLASH_SendByte) for FLASH_SendByte
    usr_exflash.o(i.FLASH_WritePage) refers to usr_exflash.o(i.LL_GPIO_SetOutputPin) for LL_GPIO_SetOutputPin
    usr_exflash.o(i.FLASH_WritePage) refers to usr_exflash.o(i.FLASH_WaitForWriteEnd) for FLASH_WaitForWriteEnd
    usr_flash.o(i.FS_InitValue) refers to memseta.o(.text) for __aeabi_memclr4
    usr_flash.o(i.FS_InitValue) refers to usr_exflash.o(i.EXFLASH_ReadBuffer) for EXFLASH_ReadBuffer
    usr_flash.o(i.FS_InitValue) refers to segger_rtt_printf.o(i.SEGGER_RTT_printf) for SEGGER_RTT_printf
    usr_flash.o(i.FS_InitValue) refers to usr_flash.o(.bss) for FsUpg
    usr_flash.o(i.FS_UpdateValue) refers to usr_exflash.o(i.EXFLASH_EraseSector) for EXFLASH_EraseSector
    usr_flash.o(i.FS_UpdateValue) refers to usr_exflash.o(i.EXFLASH_WriteBuffer) for EXFLASH_WriteBuffer
    usr_flash.o(i.FS_UpdateValue) refers to usr_main.o(.data) for Flag
    usr_flash.o(i.FS_UpdateValue) refers to usr_flash.o(.bss) for FsUpg
    usr_flash.o(i.STMFLASH_Read) refers to usr_flash.o(i.STMFLASH_ReadWord) for STMFLASH_ReadWord
    usr_flash.o(i.STMFLASH_WriteFs) refers to stm32g0xx_ll_flash.o(i.LL_Flash_Unlock) for LL_Flash_Unlock
    usr_flash.o(i.STMFLASH_WriteFs) refers to stm32g0xx_ll_flash.o(i.LL_Flash_PageErase) for LL_Flash_PageErase
    usr_flash.o(i.STMFLASH_WriteFs) refers to usr_flash.o(i.STMFLASH_Write_NoCheck) for STMFLASH_Write_NoCheck
    usr_flash.o(i.STMFLASH_Write_NoCheck) refers to usr_flash.o(i.LL_FLASH_IsActiveFlag_BSY) for LL_FLASH_IsActiveFlag_BSY
    usr_flash.o(i.STMFLASH_Write_NoCheck) refers to stm32g0xx_ll_flash.o(i.LL_FLASH_Program) for LL_FLASH_Program
    usr_main.o(i.Usr_InitHardware) refers to usr_main.o(i.LL_APB1_GRP1_EnableClock) for LL_APB1_GRP1_EnableClock
    usr_main.o(i.Usr_InitHardware) refers to usr_timer.o(i.SystemClock_Config) for SystemClock_Config
    usr_main.o(i.Usr_InitHardware) refers to usr_gpio.o(i.GPIO_init) for GPIO_init
    usr_main.o(i.Usr_InitHardware) refers to usr_uart.o(i.UART_Init) for UART_Init
    usr_main.o(i.Usr_InitHardware) refers to usr_exflash.o(i.EXFLASH_SpiInit) for EXFLASH_SpiInit
    usr_main.o(i.Usr_InitValue) refers to usr_flash.o(i.FS_InitValue) for FS_InitValue
    usr_main.o(i.main) refers to usr_main.o(i.Usr_InitHardware) for Usr_InitHardware
    usr_main.o(i.main) refers to segger_rtt_printf.o(i.SEGGER_RTT_printf) for SEGGER_RTT_printf
    usr_main.o(i.main) refers to usr_main.o(i.Usr_InitValue) for Usr_InitValue
    usr_main.o(i.main) refers to usr_upgrade.o(i.UPG_AppUprate) for UPG_AppUprate
    usr_main.o(i.main) refers to memseta.o(.text) for __aeabi_memclr
    usr_main.o(i.main) refers to strcpy.o(.text) for strcpy
    usr_main.o(i.main) refers to usr_flash.o(i.FS_UpdateValue) for FS_UpdateValue
    usr_main.o(i.main) refers to usr_upgrade.o(i.iap_load_app) for iap_load_app
    usr_main.o(i.main) refers to usr_flash.o(.bss) for FsUpg
    usr_main.o(i.main) refers to usr_main.o(.data) for FlashDestination
    usr_upgrade.o(i.UPG_AppUprate) refers to usr_exflash.o(i.EXFLASH_ReadBuffer) for EXFLASH_ReadBuffer
    usr_upgrade.o(i.UPG_AppUprate) refers to usr_upgrade.o(i.iap_write_appbin) for iap_write_appbin
    usr_upgrade.o(i.UPG_AppUprate) refers to usr_upgrade.o(.bss) for UpgPacketBuf
    usr_upgrade.o(i.iap_load_app) refers to usr_upgrade.o(.emb_text) for MSR_MSP
    usr_upgrade.o(i.iap_load_app) refers to usr_upgrade.o(.data) for jump2app
    usr_upgrade.o(i.iap_write_appbin) refers to usr_flash.o(i.STMFLASH_WriteFs) for STMFLASH_WriteFs
    usr_upgrade.o(i.iap_write_appbin) refers to memseta.o(.text) for __aeabi_memclr
    usr_upgrade.o(i.iap_write_appbin) refers to usr_flash.o(i.STMFLASH_Read) for STMFLASH_Read
    usr_upgrade.o(i.iap_write_appbin) refers to memcmp.o(.text) for memcmp
    usr_upgrade.o(i.iap_write_appbin) refers to segger_rtt_printf.o(i.SEGGER_RTT_printf) for SEGGER_RTT_printf
    usr_upgrade.o(i.iap_write_appbin) refers to stm32g0xx_ll_utils.o(i.LL_mDelay) for LL_mDelay
    usr_upgrade.o(i.iap_write_appbin) refers to usr_upgrade.o(i.__NVIC_SystemReset) for __NVIC_SystemReset
    usr_upgrade.o(i.iap_write_appbin) refers to usr_upgrade.o(.bss) for iapbuf
    usr_upgrade.o(i.iap_write_appbin) refers to usr_upgrade.o(.data) for packnumb
    usr_upgrade.o(i.iap_write_appbin) refers to usr_upgrade.o(.conststring) for .conststring
    stm32g0xx_ll_flash.o(i.LL_FLASH_Program) refers to stm32g0xx_ll_flash.o(i.LL_FLASH_IsActiveFlag_BSY) for LL_FLASH_IsActiveFlag_BSY
    stm32g0xx_ll_flash.o(i.LL_FLASH_Program) refers to llushr.o(.text) for __aeabi_llsr
    stm32g0xx_ll_flash.o(i.LL_FLASH_Program) refers to stm32g0xx_ll_flash.o(i.LL_FLASH_Program_Word) for LL_FLASH_Program_Word
    stm32g0xx_ll_flash.o(i.LL_FLASH_Program) refers to stm32g0xx_ll_flash.o(i.LL_FLASH_IsActiveFlag_EOP) for LL_FLASH_IsActiveFlag_EOP
    stm32g0xx_ll_flash.o(i.LL_FLASH_Program) refers to stm32g0xx_ll_flash.o(i.LL_FLASH_ClearFlag_EOP) for LL_FLASH_ClearFlag_EOP
    stm32g0xx_ll_flash.o(i.LL_Flash_PageErase) refers to stm32g0xx_ll_flash.o(i.LL_FLASH_IsActiveFlag_BSY) for LL_FLASH_IsActiveFlag_BSY
    stm32g0xx_ll_flash.o(i.LL_Flash_PageErase) refers to stm32g0xx_ll_flash.o(i.LL_FLASH_IsActiveFlag_EOP) for LL_FLASH_IsActiveFlag_EOP
    stm32g0xx_ll_flash.o(i.LL_Flash_PageErase) refers to stm32g0xx_ll_flash.o(i.LL_FLASH_ClearFlag_EOP) for LL_FLASH_ClearFlag_EOP
    stm32g0xx_ll_gpio.o(i.LL_GPIO_DeInit) refers to stm32g0xx_ll_gpio.o(i.LL_IOP_GRP1_ForceReset) for LL_IOP_GRP1_ForceReset
    stm32g0xx_ll_gpio.o(i.LL_GPIO_DeInit) refers to stm32g0xx_ll_gpio.o(i.LL_IOP_GRP1_ReleaseReset) for LL_IOP_GRP1_ReleaseReset
    stm32g0xx_ll_exti.o(i.LL_EXTI_Init) refers to stm32g0xx_ll_exti.o(i.LL_EXTI_DisableEvent_0_31) for LL_EXTI_DisableEvent_0_31
    stm32g0xx_ll_exti.o(i.LL_EXTI_Init) refers to stm32g0xx_ll_exti.o(i.LL_EXTI_EnableIT_0_31) for LL_EXTI_EnableIT_0_31
    stm32g0xx_ll_exti.o(i.LL_EXTI_Init) refers to stm32g0xx_ll_exti.o(i.LL_EXTI_DisableIT_0_31) for LL_EXTI_DisableIT_0_31
    stm32g0xx_ll_exti.o(i.LL_EXTI_Init) refers to stm32g0xx_ll_exti.o(i.LL_EXTI_EnableEvent_0_31) for LL_EXTI_EnableEvent_0_31
    stm32g0xx_ll_exti.o(i.LL_EXTI_Init) refers to stm32g0xx_ll_exti.o(i.LL_EXTI_EnableRisingTrig_0_31) for LL_EXTI_EnableRisingTrig_0_31
    stm32g0xx_ll_exti.o(i.LL_EXTI_Init) refers to stm32g0xx_ll_exti.o(i.LL_EXTI_EnableFallingTrig_0_31) for LL_EXTI_EnableFallingTrig_0_31
    stm32g0xx_ll_adc.o(i.LL_ADC_CommonInit) refers to stm32g0xx_ll_adc.o(i.LL_ADC_IsEnabled) for LL_ADC_IsEnabled
    stm32g0xx_ll_adc.o(i.LL_ADC_DeInit) refers to stm32g0xx_ll_adc.o(i.LL_ADC_IsEnabled) for LL_ADC_IsEnabled
    stm32g0xx_ll_adc.o(i.LL_ADC_DeInit) refers to stm32g0xx_ll_adc.o(i.LL_ADC_REG_IsStopConversionOngoing) for LL_ADC_REG_IsStopConversionOngoing
    stm32g0xx_ll_adc.o(i.LL_ADC_Init) refers to stm32g0xx_ll_adc.o(i.LL_ADC_IsEnabled) for LL_ADC_IsEnabled
    stm32g0xx_ll_adc.o(i.LL_ADC_REG_Init) refers to stm32g0xx_ll_adc.o(i.LL_ADC_IsEnabled) for LL_ADC_IsEnabled
    stm32g0xx_ll_dma.o(i.LL_DMA_DeInit) refers to stm32g0xx_ll_dma.o(i.LL_DMA_SetPeriphRequest) for LL_DMA_SetPeriphRequest
    stm32g0xx_ll_dma.o(i.LL_DMA_Init) refers to stm32g0xx_ll_dma.o(i.LL_DMA_SetPeriphRequest) for LL_DMA_SetPeriphRequest
    stm32g0xx_ll_dma.o(i.LL_DMA_Init) refers to stm32g0xx_ll_dma.o(.constdata) for CHANNEL_OFFSET_TAB
    stm32g0xx_ll_rcc.o(i.LL_RCC_DeInit) refers to stm32g0xx_ll_rcc.o(i.LL_RCC_HSI_IsReady) for LL_RCC_HSI_IsReady
    stm32g0xx_ll_rcc.o(i.LL_RCC_DeInit) refers to stm32g0xx_ll_rcc.o(i.LL_RCC_PLL_IsReady) for LL_RCC_PLL_IsReady
    stm32g0xx_ll_rcc.o(i.LL_RCC_GetADCClockFreq) refers to stm32g0xx_ll_rcc.o(i.RCC_GetSystemClockFreq) for RCC_GetSystemClockFreq
    stm32g0xx_ll_rcc.o(i.LL_RCC_GetADCClockFreq) refers to stm32g0xx_ll_rcc.o(i.LL_RCC_PLL_IsReady) for LL_RCC_PLL_IsReady
    stm32g0xx_ll_rcc.o(i.LL_RCC_GetADCClockFreq) refers to stm32g0xx_ll_rcc.o(i.RCC_PLL_GetFreqDomain_ADC) for RCC_PLL_GetFreqDomain_ADC
    stm32g0xx_ll_rcc.o(i.LL_RCC_GetI2CClockFreq) refers to stm32g0xx_ll_rcc.o(i.RCC_GetSystemClockFreq) for RCC_GetSystemClockFreq
    stm32g0xx_ll_rcc.o(i.LL_RCC_GetI2CClockFreq) refers to stm32g0xx_ll_rcc.o(i.LL_RCC_HSI_IsReady) for LL_RCC_HSI_IsReady
    stm32g0xx_ll_rcc.o(i.LL_RCC_GetI2CClockFreq) refers to stm32g0xx_ll_rcc.o(i.RCC_GetHCLKClockFreq) for RCC_GetHCLKClockFreq
    stm32g0xx_ll_rcc.o(i.LL_RCC_GetI2CClockFreq) refers to stm32g0xx_ll_rcc.o(i.RCC_GetPCLK1ClockFreq) for RCC_GetPCLK1ClockFreq
    stm32g0xx_ll_rcc.o(i.LL_RCC_GetI2SClockFreq) refers to stm32g0xx_ll_rcc.o(i.LL_RCC_PLL_IsReady) for LL_RCC_PLL_IsReady
    stm32g0xx_ll_rcc.o(i.LL_RCC_GetI2SClockFreq) refers to stm32g0xx_ll_rcc.o(i.RCC_PLL_GetFreqDomain_I2S1) for RCC_PLL_GetFreqDomain_I2S1
    stm32g0xx_ll_rcc.o(i.LL_RCC_GetI2SClockFreq) refers to stm32g0xx_ll_rcc.o(i.RCC_GetSystemClockFreq) for RCC_GetSystemClockFreq
    stm32g0xx_ll_rcc.o(i.LL_RCC_GetRTCClockFreq) refers to stm32g0xx_ll_rcc.o(i.LL_RCC_LSE_IsReady) for LL_RCC_LSE_IsReady
    stm32g0xx_ll_rcc.o(i.LL_RCC_GetSystemClocksFreq) refers to stm32g0xx_ll_rcc.o(i.RCC_GetSystemClockFreq) for RCC_GetSystemClockFreq
    stm32g0xx_ll_rcc.o(i.LL_RCC_GetSystemClocksFreq) refers to stm32g0xx_ll_rcc.o(i.RCC_GetHCLKClockFreq) for RCC_GetHCLKClockFreq
    stm32g0xx_ll_rcc.o(i.LL_RCC_GetSystemClocksFreq) refers to stm32g0xx_ll_rcc.o(i.RCC_GetPCLK1ClockFreq) for RCC_GetPCLK1ClockFreq
    stm32g0xx_ll_rcc.o(i.LL_RCC_GetUSARTClockFreq) refers to stm32g0xx_ll_rcc.o(i.LL_RCC_GetUSARTClockSource) for LL_RCC_GetUSARTClockSource
    stm32g0xx_ll_rcc.o(i.LL_RCC_GetUSARTClockFreq) refers to stm32g0xx_ll_rcc.o(i.RCC_GetSystemClockFreq) for RCC_GetSystemClockFreq
    stm32g0xx_ll_rcc.o(i.LL_RCC_GetUSARTClockFreq) refers to stm32g0xx_ll_rcc.o(i.LL_RCC_HSI_IsReady) for LL_RCC_HSI_IsReady
    stm32g0xx_ll_rcc.o(i.LL_RCC_GetUSARTClockFreq) refers to stm32g0xx_ll_rcc.o(i.LL_RCC_LSE_IsReady) for LL_RCC_LSE_IsReady
    stm32g0xx_ll_rcc.o(i.LL_RCC_GetUSARTClockFreq) refers to stm32g0xx_ll_rcc.o(i.RCC_GetHCLKClockFreq) for RCC_GetHCLKClockFreq
    stm32g0xx_ll_rcc.o(i.LL_RCC_GetUSARTClockFreq) refers to stm32g0xx_ll_rcc.o(i.RCC_GetPCLK1ClockFreq) for RCC_GetPCLK1ClockFreq
    stm32g0xx_ll_rcc.o(i.RCC_GetHCLKClockFreq) refers to system_stm32g0xx.o(.constdata) for AHBPrescTable
    stm32g0xx_ll_rcc.o(i.RCC_GetPCLK1ClockFreq) refers to system_stm32g0xx.o(.constdata) for APBPrescTable
    stm32g0xx_ll_rcc.o(i.RCC_GetSystemClockFreq) refers to stm32g0xx_ll_rcc.o(i.RCC_PLL_GetFreqDomain_SYS) for RCC_PLL_GetFreqDomain_SYS
    stm32g0xx_ll_rcc.o(i.RCC_GetSystemClockFreq) refers to uidiv.o(.text) for __aeabi_uidivmod
    stm32g0xx_ll_rcc.o(i.RCC_PLL_GetFreqDomain_ADC) refers to stm32g0xx_ll_rcc.o(i.LL_RCC_PLL_GetP) for LL_RCC_PLL_GetP
    stm32g0xx_ll_rcc.o(i.RCC_PLL_GetFreqDomain_ADC) refers to stm32g0xx_ll_rcc.o(i.LL_RCC_PLL_GetDivider) for LL_RCC_PLL_GetDivider
    stm32g0xx_ll_rcc.o(i.RCC_PLL_GetFreqDomain_ADC) refers to stm32g0xx_ll_rcc.o(i.LL_RCC_PLL_GetN) for LL_RCC_PLL_GetN
    stm32g0xx_ll_rcc.o(i.RCC_PLL_GetFreqDomain_ADC) refers to uidiv.o(.text) for __aeabi_uidivmod
    stm32g0xx_ll_rcc.o(i.RCC_PLL_GetFreqDomain_I2S1) refers to stm32g0xx_ll_rcc.o(i.LL_RCC_PLL_GetP) for LL_RCC_PLL_GetP
    stm32g0xx_ll_rcc.o(i.RCC_PLL_GetFreqDomain_I2S1) refers to stm32g0xx_ll_rcc.o(i.LL_RCC_PLL_GetDivider) for LL_RCC_PLL_GetDivider
    stm32g0xx_ll_rcc.o(i.RCC_PLL_GetFreqDomain_I2S1) refers to stm32g0xx_ll_rcc.o(i.LL_RCC_PLL_GetN) for LL_RCC_PLL_GetN
    stm32g0xx_ll_rcc.o(i.RCC_PLL_GetFreqDomain_I2S1) refers to uidiv.o(.text) for __aeabi_uidivmod
    stm32g0xx_ll_rcc.o(i.RCC_PLL_GetFreqDomain_SYS) refers to stm32g0xx_ll_rcc.o(i.LL_RCC_PLL_GetDivider) for LL_RCC_PLL_GetDivider
    stm32g0xx_ll_rcc.o(i.RCC_PLL_GetFreqDomain_SYS) refers to stm32g0xx_ll_rcc.o(i.LL_RCC_PLL_GetN) for LL_RCC_PLL_GetN
    stm32g0xx_ll_rcc.o(i.RCC_PLL_GetFreqDomain_SYS) refers to uidiv.o(.text) for __aeabi_uidivmod
    stm32g0xx_ll_utils.o(i.LL_Init1msTick) refers to uidiv.o(.text) for __aeabi_uidivmod
    stm32g0xx_ll_utils.o(i.LL_PLL_ConfigSystemClock_HSE) refers to stm32g0xx_ll_utils.o(i.UTILS_PLL_IsBusy) for UTILS_PLL_IsBusy
    stm32g0xx_ll_utils.o(i.LL_PLL_ConfigSystemClock_HSE) refers to stm32g0xx_ll_utils.o(i.UTILS_GetPLLOutputFrequency) for UTILS_GetPLLOutputFrequency
    stm32g0xx_ll_utils.o(i.LL_PLL_ConfigSystemClock_HSE) refers to stm32g0xx_ll_utils.o(i.LL_RCC_HSE_IsReady) for LL_RCC_HSE_IsReady
    stm32g0xx_ll_utils.o(i.LL_PLL_ConfigSystemClock_HSE) refers to stm32g0xx_ll_utils.o(i.LL_RCC_PLL_ConfigDomain_SYS) for LL_RCC_PLL_ConfigDomain_SYS
    stm32g0xx_ll_utils.o(i.LL_PLL_ConfigSystemClock_HSE) refers to stm32g0xx_ll_utils.o(i.UTILS_EnablePLLAndSwitchSystem) for UTILS_EnablePLLAndSwitchSystem
    stm32g0xx_ll_utils.o(i.LL_PLL_ConfigSystemClock_HSI) refers to stm32g0xx_ll_utils.o(i.UTILS_PLL_IsBusy) for UTILS_PLL_IsBusy
    stm32g0xx_ll_utils.o(i.LL_PLL_ConfigSystemClock_HSI) refers to stm32g0xx_ll_utils.o(i.UTILS_GetPLLOutputFrequency) for UTILS_GetPLLOutputFrequency
    stm32g0xx_ll_utils.o(i.LL_PLL_ConfigSystemClock_HSI) refers to stm32g0xx_ll_utils.o(i.LL_RCC_HSI_IsReady) for LL_RCC_HSI_IsReady
    stm32g0xx_ll_utils.o(i.LL_PLL_ConfigSystemClock_HSI) refers to stm32g0xx_ll_utils.o(i.LL_RCC_PLL_ConfigDomain_SYS) for LL_RCC_PLL_ConfigDomain_SYS
    stm32g0xx_ll_utils.o(i.LL_PLL_ConfigSystemClock_HSI) refers to stm32g0xx_ll_utils.o(i.UTILS_EnablePLLAndSwitchSystem) for UTILS_EnablePLLAndSwitchSystem
    stm32g0xx_ll_utils.o(i.LL_SetSystemCoreClock) refers to system_stm32g0xx.o(.data) for SystemCoreClock
    stm32g0xx_ll_utils.o(i.UTILS_EnablePLLAndSwitchSystem) refers to stm32g0xx_ll_utils.o(i.UTILS_SetFlashLatency) for UTILS_SetFlashLatency
    stm32g0xx_ll_utils.o(i.UTILS_EnablePLLAndSwitchSystem) refers to stm32g0xx_ll_utils.o(i.LL_RCC_PLL_IsReady) for LL_RCC_PLL_IsReady
    stm32g0xx_ll_utils.o(i.UTILS_EnablePLLAndSwitchSystem) refers to stm32g0xx_ll_utils.o(i.LL_SetSystemCoreClock) for LL_SetSystemCoreClock
    stm32g0xx_ll_utils.o(i.UTILS_EnablePLLAndSwitchSystem) refers to system_stm32g0xx.o(.constdata) for AHBPrescTable
    stm32g0xx_ll_utils.o(i.UTILS_EnablePLLAndSwitchSystem) refers to system_stm32g0xx.o(.data) for SystemCoreClock
    stm32g0xx_ll_utils.o(i.UTILS_GetPLLOutputFrequency) refers to uidiv.o(.text) for __aeabi_uidivmod
    stm32g0xx_ll_utils.o(i.UTILS_PLL_IsBusy) refers to stm32g0xx_ll_utils.o(i.LL_RCC_PLL_IsReady) for LL_RCC_PLL_IsReady
    stm32g0xx_ll_i2c.o(i.LL_I2C_DeInit) refers to stm32g0xx_ll_i2c.o(i.LL_APB1_GRP1_ForceReset) for LL_APB1_GRP1_ForceReset
    stm32g0xx_ll_i2c.o(i.LL_I2C_DeInit) refers to stm32g0xx_ll_i2c.o(i.LL_APB1_GRP1_ReleaseReset) for LL_APB1_GRP1_ReleaseReset
    stm32g0xx_ll_spi.o(i.LL_I2S_DeInit) refers to stm32g0xx_ll_spi.o(i.LL_SPI_DeInit) for LL_SPI_DeInit
    stm32g0xx_ll_spi.o(i.LL_I2S_Init) refers to stm32g0xx_ll_rcc.o(i.LL_RCC_GetSystemClocksFreq) for LL_RCC_GetSystemClocksFreq
    stm32g0xx_ll_spi.o(i.LL_I2S_Init) refers to uidiv.o(.text) for __aeabi_uidivmod
    stm32g0xx_ll_tim.o(i.LL_TIM_DeInit) refers to stm32g0xx_ll_tim.o(i.LL_APB2_GRP1_ForceReset) for LL_APB2_GRP1_ForceReset
    stm32g0xx_ll_tim.o(i.LL_TIM_DeInit) refers to stm32g0xx_ll_tim.o(i.LL_APB2_GRP1_ReleaseReset) for LL_APB2_GRP1_ReleaseReset
    stm32g0xx_ll_tim.o(i.LL_TIM_DeInit) refers to stm32g0xx_ll_tim.o(i.LL_APB1_GRP1_ForceReset) for LL_APB1_GRP1_ForceReset
    stm32g0xx_ll_tim.o(i.LL_TIM_DeInit) refers to stm32g0xx_ll_tim.o(i.LL_APB1_GRP1_ReleaseReset) for LL_APB1_GRP1_ReleaseReset
    stm32g0xx_ll_tim.o(i.LL_TIM_HALLSENSOR_Init) refers to stm32g0xx_ll_tim.o(i.LL_TIM_OC_SetCompareCH2) for LL_TIM_OC_SetCompareCH2
    stm32g0xx_ll_tim.o(i.LL_TIM_IC_Init) refers to stm32g0xx_ll_tim.o(i.IC1Config) for IC1Config
    stm32g0xx_ll_tim.o(i.LL_TIM_IC_Init) refers to stm32g0xx_ll_tim.o(i.IC2Config) for IC2Config
    stm32g0xx_ll_tim.o(i.LL_TIM_IC_Init) refers to stm32g0xx_ll_tim.o(i.IC3Config) for IC3Config
    stm32g0xx_ll_tim.o(i.LL_TIM_IC_Init) refers to stm32g0xx_ll_tim.o(i.IC4Config) for IC4Config
    stm32g0xx_ll_tim.o(i.LL_TIM_OC_Init) refers to stm32g0xx_ll_tim.o(i.OC1Config) for OC1Config
    stm32g0xx_ll_tim.o(i.LL_TIM_OC_Init) refers to stm32g0xx_ll_tim.o(i.OC2Config) for OC2Config
    stm32g0xx_ll_tim.o(i.LL_TIM_OC_Init) refers to stm32g0xx_ll_tim.o(i.OC3Config) for OC3Config
    stm32g0xx_ll_tim.o(i.LL_TIM_OC_Init) refers to stm32g0xx_ll_tim.o(i.OC4Config) for OC4Config
    stm32g0xx_ll_tim.o(i.LL_TIM_OC_Init) refers to stm32g0xx_ll_tim.o(i.OC5Config) for OC5Config
    stm32g0xx_ll_tim.o(i.LL_TIM_OC_Init) refers to stm32g0xx_ll_tim.o(i.OC6Config) for OC6Config
    stm32g0xx_ll_tim.o(i.OC2Config) refers to stm32g0xx_ll_tim.o(i.LL_TIM_OC_SetCompareCH2) for LL_TIM_OC_SetCompareCH2
    stm32g0xx_ll_usart.o(i.LL_USART_ClockInit) refers to stm32g0xx_ll_usart.o(i.LL_USART_IsEnabled) for LL_USART_IsEnabled
    stm32g0xx_ll_usart.o(i.LL_USART_DeInit) refers to stm32g0xx_ll_usart.o(i.LL_APB1_GRP1_ForceReset) for LL_APB1_GRP1_ForceReset
    stm32g0xx_ll_usart.o(i.LL_USART_DeInit) refers to stm32g0xx_ll_usart.o(i.LL_APB1_GRP1_ReleaseReset) for LL_APB1_GRP1_ReleaseReset
    stm32g0xx_ll_usart.o(i.LL_USART_Init) refers to stm32g0xx_ll_usart.o(i.LL_USART_IsEnabled) for LL_USART_IsEnabled
    stm32g0xx_ll_usart.o(i.LL_USART_Init) refers to stm32g0xx_ll_rcc.o(i.LL_RCC_GetUSARTClockFreq) for LL_RCC_GetUSARTClockFreq
    stm32g0xx_ll_usart.o(i.LL_USART_Init) refers to stm32g0xx_ll_rcc.o(i.LL_RCC_GetSystemClocksFreq) for LL_RCC_GetSystemClocksFreq
    stm32g0xx_ll_usart.o(i.LL_USART_Init) refers to stm32g0xx_ll_usart.o(i.LL_USART_SetBaudRate) for LL_USART_SetBaudRate
    stm32g0xx_ll_usart.o(i.LL_USART_SetBaudRate) refers to uidiv.o(.text) for __aeabi_uidivmod
    stm32g0xx_ll_usart.o(i.LL_USART_SetBaudRate) refers to stm32g0xx_ll_usart.o(.constdata) for USART_PRESCALER_TAB
    entry.o(.ARM.Collect$$$$00000000) refers (Special) to entry10a.o(.ARM.Collect$$$$0000000D) for __rt_final_cpp
    entry.o(.ARM.Collect$$$$00000000) refers (Special) to entry11a.o(.ARM.Collect$$$$0000000F) for __rt_final_exit
    entry.o(.ARM.Collect$$$$00000000) refers (Special) to entry7b.o(.ARM.Collect$$$$00000008) for _main_clock
    entry.o(.ARM.Collect$$$$00000000) refers (Special) to entry8b.o(.ARM.Collect$$$$0000000A) for _main_cpp_init
    entry.o(.ARM.Collect$$$$00000000) refers (Special) to entry9a.o(.ARM.Collect$$$$0000000B) for _main_init
    entry.o(.ARM.Collect$$$$00000000) refers (Special) to entry5.o(.ARM.Collect$$$$00000004) for _main_scatterload
    entry.o(.ARM.Collect$$$$00000000) refers (Special) to entry2.o(.ARM.Collect$$$$00000001) for _main_stk
    idiv.o(.text) refers to uidiv.o(.text) for __aeabi_uidivmod
    entry2.o(.ARM.Collect$$$$00000001) refers to entry2.o(.ARM.Collect$$$$00002712) for __lit__00000000
    entry2.o(.ARM.Collect$$$$00002712) refers to startup_stm32g070xx.o(STACK) for __initial_sp
    entry2.o(__vectab_stack_and_reset_area) refers to startup_stm32g070xx.o(STACK) for __initial_sp
    entry2.o(__vectab_stack_and_reset_area) refers to entry.o(.ARM.Collect$$$$00000000) for __main
    entry5.o(.ARM.Collect$$$$00000004) refers to init.o(.text) for __scatterload
    entry9a.o(.ARM.Collect$$$$0000000B) refers to usr_main.o(i.main) for main
    entry9b.o(.ARM.Collect$$$$0000000C) refers to usr_main.o(i.main) for main
    init.o(.text) refers to entry5.o(.ARM.Collect$$$$00000004) for __main_after_scatterload


==============================================================================

Removing Unused input sections from the image.

    Removing startup_stm32g070xx.o(HEAP), (1024 bytes).
    Removing stm32g0xx_it.o(.rev16_text), (4 bytes).
    Removing stm32g0xx_it.o(.revsh_text), (4 bytes).
    Removing stm32g0xx_it.o(.constdata), (100 bytes).
    Removing usr_gpio.o(.rev16_text), (4 bytes).
    Removing usr_gpio.o(.revsh_text), (4 bytes).
    Removing usr_gpio.o(.constdata), (100 bytes).
    Removing usr_timer.o(.rev16_text), (4 bytes).
    Removing usr_timer.o(.revsh_text), (4 bytes).
    Removing usr_timer.o(i.TIM2_IRQHandler), (40 bytes).
    Removing usr_timer.o(i.TIM3_IntInit), (212 bytes).
    Removing usr_timer.o(i.TIMER_Init), (8 bytes).
    Removing usr_timer.o(i.__NVIC_SetPriority), (120 bytes).
    Removing usr_timer.o(.constdata), (100 bytes).
    Removing usr_timer.o(.data), (8 bytes).
    Removing usr_uart.o(.rev16_text), (4 bytes).
    Removing usr_uart.o(.revsh_text), (4 bytes).
    Removing usr_uart.o(.constdata), (100 bytes).
    Removing usr_uart.o(.data), (15 bytes).
    Removing segger_rtt.o(i.SEGGER_RTT_AllocDownBuffer), (168 bytes).
    Removing segger_rtt.o(i.SEGGER_RTT_AllocUpBuffer), (168 bytes).
    Removing segger_rtt.o(i.SEGGER_RTT_ConfigDownBuffer), (148 bytes).
    Removing segger_rtt.o(i.SEGGER_RTT_ConfigUpBuffer), (148 bytes).
    Removing segger_rtt.o(i.SEGGER_RTT_GetAvailWriteSpace), (24 bytes).
    Removing segger_rtt.o(i.SEGGER_RTT_GetBytesInBuffer), (52 bytes).
    Removing segger_rtt.o(i.SEGGER_RTT_GetKey), (32 bytes).
    Removing segger_rtt.o(i.SEGGER_RTT_HasData), (24 bytes).
    Removing segger_rtt.o(i.SEGGER_RTT_HasDataUp), (24 bytes).
    Removing segger_rtt.o(i.SEGGER_RTT_HasKey), (44 bytes).
    Removing segger_rtt.o(i.SEGGER_RTT_Init), (8 bytes).
    Removing segger_rtt.o(i.SEGGER_RTT_PutChar), (112 bytes).
    Removing segger_rtt.o(i.SEGGER_RTT_PutCharSkip), (100 bytes).
    Removing segger_rtt.o(i.SEGGER_RTT_PutCharSkipNoLock), (52 bytes).
    Removing segger_rtt.o(i.SEGGER_RTT_Read), (50 bytes).
    Removing segger_rtt.o(i.SEGGER_RTT_ReadNoLock), (172 bytes).
    Removing segger_rtt.o(i.SEGGER_RTT_ReadUpBuffer), (50 bytes).
    Removing segger_rtt.o(i.SEGGER_RTT_ReadUpBufferNoLock), (172 bytes).
    Removing segger_rtt.o(i.SEGGER_RTT_SetFlagsDownBuffer), (84 bytes).
    Removing segger_rtt.o(i.SEGGER_RTT_SetFlagsUpBuffer), (84 bytes).
    Removing segger_rtt.o(i.SEGGER_RTT_SetNameDownBuffer), (80 bytes).
    Removing segger_rtt.o(i.SEGGER_RTT_SetNameUpBuffer), (80 bytes).
    Removing segger_rtt.o(i.SEGGER_RTT_SetTerminal), (152 bytes).
    Removing segger_rtt.o(i.SEGGER_RTT_TerminalOut), (256 bytes).
    Removing segger_rtt.o(i.SEGGER_RTT_WaitKey), (14 bytes).
    Removing segger_rtt.o(i.SEGGER_RTT_WriteDownBuffer), (72 bytes).
    Removing segger_rtt.o(i.SEGGER_RTT_WriteDownBufferNoLock), (132 bytes).
    Removing segger_rtt.o(i.SEGGER_RTT_WriteSkipNoLock), (144 bytes).
    Removing segger_rtt.o(i.SEGGER_RTT_WriteString), (26 bytes).
    Removing segger_rtt.o(i.SEGGER_RTT_WriteWithOverwriteNoLock), (172 bytes).
    Removing segger_rtt.o(i._PostTerminalSwitch), (36 bytes).
    Removing segger_rtt.o(.data), (17 bytes).
    Removing system_stm32g0xx.o(.rev16_text), (4 bytes).
    Removing system_stm32g0xx.o(.revsh_text), (4 bytes).
    Removing system_stm32g0xx.o(i.SystemCoreClockUpdate), (236 bytes).
    Removing usr_exflash.o(.rev16_text), (4 bytes).
    Removing usr_exflash.o(.revsh_text), (4 bytes).
    Removing usr_exflash.o(i.EXFLASH_Init), (18 bytes).
    Removing usr_exflash.o(i.FLASH_EraseBulk), (42 bytes).
    Removing usr_exflash.o(i.FLASH_ReadID), (78 bytes).
    Removing usr_exflash.o(i.FLASH_SendHalfWord), (52 bytes).
    Removing usr_exflash.o(i.FLASH_StartReadSequence), (54 bytes).
    Removing usr_exflash.o(.constdata), (100 bytes).
    Removing usr_exflash.o(.data), (2 bytes).
    Removing usr_flash.o(.rev16_text), (4 bytes).
    Removing usr_flash.o(.revsh_text), (4 bytes).
    Removing usr_flash.o(.constdata), (100 bytes).
    Removing usr_main.o(.rev16_text), (4 bytes).
    Removing usr_main.o(.revsh_text), (4 bytes).
    Removing usr_main.o(.constdata), (100 bytes).
    Removing usr_upgrade.o(.rev16_text), (4 bytes).
    Removing usr_upgrade.o(.revsh_text), (4 bytes).
    Removing usr_upgrade.o(.constdata), (100 bytes).
    Removing stm32g0xx_ll_flash.o(.rev16_text), (4 bytes).
    Removing stm32g0xx_ll_flash.o(.revsh_text), (4 bytes).
    Removing stm32g0xx_ll_flash.o(i.LL_FLASH_Program_TwoBtye), (4 bytes).
    Removing stm32g0xx_ll_gpio.o(.rev16_text), (4 bytes).
    Removing stm32g0xx_ll_gpio.o(.revsh_text), (4 bytes).
    Removing stm32g0xx_ll_gpio.o(i.LL_GPIO_DeInit), (132 bytes).
    Removing stm32g0xx_ll_gpio.o(i.LL_GPIO_StructInit), (24 bytes).
    Removing stm32g0xx_ll_gpio.o(i.LL_IOP_GRP1_ForceReset), (16 bytes).
    Removing stm32g0xx_ll_gpio.o(i.LL_IOP_GRP1_ReleaseReset), (16 bytes).
    Removing stm32g0xx_ll_exti.o(.rev16_text), (4 bytes).
    Removing stm32g0xx_ll_exti.o(.revsh_text), (4 bytes).
    Removing stm32g0xx_ll_exti.o(i.LL_EXTI_DeInit), (40 bytes).
    Removing stm32g0xx_ll_exti.o(i.LL_EXTI_DisableEvent_0_31), (16 bytes).
    Removing stm32g0xx_ll_exti.o(i.LL_EXTI_DisableIT_0_31), (16 bytes).
    Removing stm32g0xx_ll_exti.o(i.LL_EXTI_EnableEvent_0_31), (16 bytes).
    Removing stm32g0xx_ll_exti.o(i.LL_EXTI_EnableFallingTrig_0_31), (16 bytes).
    Removing stm32g0xx_ll_exti.o(i.LL_EXTI_EnableIT_0_31), (16 bytes).
    Removing stm32g0xx_ll_exti.o(i.LL_EXTI_EnableRisingTrig_0_31), (16 bytes).
    Removing stm32g0xx_ll_exti.o(i.LL_EXTI_Init), (192 bytes).
    Removing stm32g0xx_ll_exti.o(i.LL_EXTI_StructInit), (14 bytes).
    Removing stm32g0xx_ll_adc.o(.rev16_text), (4 bytes).
    Removing stm32g0xx_ll_adc.o(.revsh_text), (4 bytes).
    Removing stm32g0xx_ll_adc.o(i.LL_ADC_CommonDeInit), (40 bytes).
    Removing stm32g0xx_ll_adc.o(i.LL_ADC_CommonInit), (48 bytes).
    Removing stm32g0xx_ll_adc.o(i.LL_ADC_CommonStructInit), (8 bytes).
    Removing stm32g0xx_ll_adc.o(i.LL_ADC_DeInit), (372 bytes).
    Removing stm32g0xx_ll_adc.o(i.LL_ADC_Init), (64 bytes).
    Removing stm32g0xx_ll_adc.o(i.LL_ADC_IsEnabled), (16 bytes).
    Removing stm32g0xx_ll_adc.o(i.LL_ADC_REG_Init), (124 bytes).
    Removing stm32g0xx_ll_adc.o(i.LL_ADC_REG_IsStopConversionOngoing), (12 bytes).
    Removing stm32g0xx_ll_adc.o(i.LL_ADC_REG_StructInit), (24 bytes).
    Removing stm32g0xx_ll_adc.o(i.LL_ADC_StructInit), (16 bytes).
    Removing stm32g0xx_ll_dma.o(.rev16_text), (4 bytes).
    Removing stm32g0xx_ll_dma.o(.revsh_text), (4 bytes).
    Removing stm32g0xx_ll_dma.o(i.LL_DMA_DeInit), (308 bytes).
    Removing stm32g0xx_ll_dma.o(i.LL_DMA_Init), (148 bytes).
    Removing stm32g0xx_ll_dma.o(i.LL_DMA_SetPeriphRequest), (36 bytes).
    Removing stm32g0xx_ll_dma.o(i.LL_DMA_StructInit), (26 bytes).
    Removing stm32g0xx_ll_dma.o(.constdata), (7 bytes).
    Removing stm32g0xx_ll_rcc.o(.rev16_text), (4 bytes).
    Removing stm32g0xx_ll_rcc.o(.revsh_text), (4 bytes).
    Removing stm32g0xx_ll_rcc.o(i.LL_RCC_DeInit), (124 bytes).
    Removing stm32g0xx_ll_rcc.o(i.LL_RCC_GetADCClockFreq), (88 bytes).
    Removing stm32g0xx_ll_rcc.o(i.LL_RCC_GetI2CClockFreq), (96 bytes).
    Removing stm32g0xx_ll_rcc.o(i.LL_RCC_GetI2SClockFreq), (96 bytes).
    Removing stm32g0xx_ll_rcc.o(i.LL_RCC_GetRTCClockFreq), (108 bytes).
    Removing stm32g0xx_ll_rcc.o(i.LL_RCC_PLL_GetP), (16 bytes).
    Removing stm32g0xx_ll_rcc.o(i.LL_RCC_PLL_IsReady), (20 bytes).
    Removing stm32g0xx_ll_rcc.o(i.RCC_PLL_GetFreqDomain_ADC), (88 bytes).
    Removing stm32g0xx_ll_rcc.o(i.RCC_PLL_GetFreqDomain_I2S1), (88 bytes).
    Removing stm32g0xx_ll_utils.o(.rev16_text), (4 bytes).
    Removing stm32g0xx_ll_utils.o(.revsh_text), (4 bytes).
    Removing stm32g0xx_ll_utils.o(i.LL_PLL_ConfigSystemClock_HSE), (140 bytes).
    Removing stm32g0xx_ll_utils.o(i.LL_PLL_ConfigSystemClock_HSI), (96 bytes).
    Removing stm32g0xx_ll_utils.o(i.LL_RCC_HSE_IsReady), (20 bytes).
    Removing stm32g0xx_ll_utils.o(i.LL_RCC_HSI_IsReady), (20 bytes).
    Removing stm32g0xx_ll_utils.o(i.LL_RCC_PLL_ConfigDomain_SYS), (36 bytes).
    Removing stm32g0xx_ll_utils.o(i.LL_RCC_PLL_IsReady), (20 bytes).
    Removing stm32g0xx_ll_utils.o(i.UTILS_EnablePLLAndSwitchSystem), (216 bytes).
    Removing stm32g0xx_ll_utils.o(i.UTILS_GetPLLOutputFrequency), (46 bytes).
    Removing stm32g0xx_ll_utils.o(i.UTILS_PLL_IsBusy), (18 bytes).
    Removing stm32g0xx_ll_utils.o(i.UTILS_SetFlashLatency), (84 bytes).
    Removing stm32g0xx_ll_i2c.o(.rev16_text), (4 bytes).
    Removing stm32g0xx_ll_i2c.o(.revsh_text), (4 bytes).
    Removing stm32g0xx_ll_i2c.o(i.LL_APB1_GRP1_ForceReset), (16 bytes).
    Removing stm32g0xx_ll_i2c.o(i.LL_APB1_GRP1_ReleaseReset), (16 bytes).
    Removing stm32g0xx_ll_i2c.o(i.LL_I2C_DeInit), (68 bytes).
    Removing stm32g0xx_ll_i2c.o(i.LL_I2C_Init), (146 bytes).
    Removing stm32g0xx_ll_i2c.o(i.LL_I2C_StructInit), (24 bytes).
    Removing stm32g0xx_ll_spi.o(.rev16_text), (4 bytes).
    Removing stm32g0xx_ll_spi.o(.revsh_text), (4 bytes).
    Removing stm32g0xx_ll_spi.o(i.LL_I2S_ConfigPrescaler), (18 bytes).
    Removing stm32g0xx_ll_spi.o(i.LL_I2S_DeInit), (12 bytes).
    Removing stm32g0xx_ll_spi.o(i.LL_I2S_Init), (212 bytes).
    Removing stm32g0xx_ll_spi.o(i.LL_I2S_StructInit), (20 bytes).
    Removing stm32g0xx_ll_spi.o(i.LL_SPI_DeInit), (92 bytes).
    Removing stm32g0xx_ll_spi.o(i.LL_SPI_StructInit), (32 bytes).
    Removing stm32g0xx_ll_pwr.o(.rev16_text), (4 bytes).
    Removing stm32g0xx_ll_pwr.o(.revsh_text), (4 bytes).
    Removing stm32g0xx_ll_pwr.o(i.LL_PWR_DeInit), (36 bytes).
    Removing stm32g0xx_ll_tim.o(.rev16_text), (4 bytes).
    Removing stm32g0xx_ll_tim.o(.revsh_text), (4 bytes).
    Removing stm32g0xx_ll_tim.o(i.IC1Config), (54 bytes).
    Removing stm32g0xx_ll_tim.o(i.IC2Config), (58 bytes).
    Removing stm32g0xx_ll_tim.o(i.IC3Config), (62 bytes).
    Removing stm32g0xx_ll_tim.o(i.IC4Config), (64 bytes).
    Removing stm32g0xx_ll_tim.o(i.LL_APB1_GRP1_ForceReset), (16 bytes).
    Removing stm32g0xx_ll_tim.o(i.LL_APB1_GRP1_ReleaseReset), (16 bytes).
    Removing stm32g0xx_ll_tim.o(i.LL_APB2_GRP1_ForceReset), (16 bytes).
    Removing stm32g0xx_ll_tim.o(i.LL_APB2_GRP1_ReleaseReset), (16 bytes).
    Removing stm32g0xx_ll_tim.o(i.LL_TIM_BDTR_Init), (216 bytes).
    Removing stm32g0xx_ll_tim.o(i.LL_TIM_BDTR_StructInit), (30 bytes).
    Removing stm32g0xx_ll_tim.o(i.LL_TIM_DeInit), (216 bytes).
    Removing stm32g0xx_ll_tim.o(i.LL_TIM_ENCODER_Init), (116 bytes).
    Removing stm32g0xx_ll_tim.o(i.LL_TIM_ENCODER_StructInit), (36 bytes).
    Removing stm32g0xx_ll_tim.o(i.LL_TIM_HALLSENSOR_Init), (144 bytes).
    Removing stm32g0xx_ll_tim.o(i.LL_TIM_HALLSENSOR_StructInit), (12 bytes).
    Removing stm32g0xx_ll_tim.o(i.LL_TIM_IC_Init), (92 bytes).
    Removing stm32g0xx_ll_tim.o(i.LL_TIM_IC_StructInit), (18 bytes).
    Removing stm32g0xx_ll_tim.o(i.LL_TIM_Init), (168 bytes).
    Removing stm32g0xx_ll_tim.o(i.LL_TIM_OC_Init), (134 bytes).
    Removing stm32g0xx_ll_tim.o(i.LL_TIM_OC_SetCompareCH2), (4 bytes).
    Removing stm32g0xx_ll_tim.o(i.LL_TIM_OC_StructInit), (20 bytes).
    Removing stm32g0xx_ll_tim.o(i.LL_TIM_StructInit), (18 bytes).
    Removing stm32g0xx_ll_tim.o(i.OC1Config), (176 bytes).
    Removing stm32g0xx_ll_tim.o(i.OC2Config), (200 bytes).
    Removing stm32g0xx_ll_tim.o(i.OC3Config), (192 bytes).
    Removing stm32g0xx_ll_tim.o(i.OC4Config), (152 bytes).
    Removing stm32g0xx_ll_tim.o(i.OC5Config), (140 bytes).
    Removing stm32g0xx_ll_tim.o(i.OC6Config), (140 bytes).
    Removing stm32g0xx_ll_tim.o(.constdata), (45 bytes).
    Removing stm32g0xx_ll_usart.o(.rev16_text), (4 bytes).
    Removing stm32g0xx_ll_usart.o(.revsh_text), (4 bytes).
    Removing stm32g0xx_ll_usart.o(i.LL_APB1_GRP1_ForceReset), (16 bytes).
    Removing stm32g0xx_ll_usart.o(i.LL_APB1_GRP1_ReleaseReset), (16 bytes).
    Removing stm32g0xx_ll_usart.o(i.LL_USART_ClockInit), (76 bytes).
    Removing stm32g0xx_ll_usart.o(i.LL_USART_ClockStructInit), (12 bytes).
    Removing stm32g0xx_ll_usart.o(i.LL_USART_DeInit), (140 bytes).
    Removing stm32g0xx_ll_usart.o(i.LL_USART_StructInit), (30 bytes).

191 unused section(s) (total 12530 bytes) removed from the image.

==============================================================================

Image Symbol Table

    Local Symbols

    Symbol Name                              Value     Ov Type        Size  Object(Section)

    ../Drivers/STM32G0xx_HAL_Driver/Src/stm32g0xx_ll_adc.c 0x00000000   Number         0  stm32g0xx_ll_adc.o ABSOLUTE
    ../Drivers/STM32G0xx_HAL_Driver/Src/stm32g0xx_ll_dma.c 0x00000000   Number         0  stm32g0xx_ll_dma.o ABSOLUTE
    ../Drivers/STM32G0xx_HAL_Driver/Src/stm32g0xx_ll_exti.c 0x00000000   Number         0  stm32g0xx_ll_exti.o ABSOLUTE
    ../Drivers/STM32G0xx_HAL_Driver/Src/stm32g0xx_ll_gpio.c 0x00000000   Number         0  stm32g0xx_ll_gpio.o ABSOLUTE
    ../Drivers/STM32G0xx_HAL_Driver/Src/stm32g0xx_ll_i2c.c 0x00000000   Number         0  stm32g0xx_ll_i2c.o ABSOLUTE
    ../Drivers/STM32G0xx_HAL_Driver/Src/stm32g0xx_ll_pwr.c 0x00000000   Number         0  stm32g0xx_ll_pwr.o ABSOLUTE
    ../Drivers/STM32G0xx_HAL_Driver/Src/stm32g0xx_ll_rcc.c 0x00000000   Number         0  stm32g0xx_ll_rcc.o ABSOLUTE
    ../Drivers/STM32G0xx_HAL_Driver/Src/stm32g0xx_ll_spi.c 0x00000000   Number         0  stm32g0xx_ll_spi.o ABSOLUTE
    ../Drivers/STM32G0xx_HAL_Driver/Src/stm32g0xx_ll_tim.c 0x00000000   Number         0  stm32g0xx_ll_tim.o ABSOLUTE
    ../Drivers/STM32G0xx_HAL_Driver/Src/stm32g0xx_ll_usart.c 0x00000000   Number         0  stm32g0xx_ll_usart.o ABSOLUTE
    ../Drivers/STM32G0xx_HAL_Driver/Src/stm32g0xx_ll_utils.c 0x00000000   Number         0  stm32g0xx_ll_utils.o ABSOLUTE
    ../Src/stm32g0xx_it.c                    0x00000000   Number         0  stm32g0xx_it.o ABSOLUTE
    ../clib/microlib/division.c              0x00000000   Number         0  uidiv.o ABSOLUTE
    ../clib/microlib/division.c              0x00000000   Number         0  idiv.o ABSOLUTE
    ../clib/microlib/init/entry.s            0x00000000   Number         0  entry7b.o ABSOLUTE
    ../clib/microlib/init/entry.s            0x00000000   Number         0  entry11b.o ABSOLUTE
    ../clib/microlib/init/entry.s            0x00000000   Number         0  entry11a.o ABSOLUTE
    ../clib/microlib/init/entry.s            0x00000000   Number         0  entry.o ABSOLUTE
    ../clib/microlib/init/entry.s            0x00000000   Number         0  entry10b.o ABSOLUTE
    ../clib/microlib/init/entry.s            0x00000000   Number         0  entry7a.o ABSOLUTE
    ../clib/microlib/init/entry.s            0x00000000   Number         0  entry10a.o ABSOLUTE
    ../clib/microlib/init/entry.s            0x00000000   Number         0  entry5.o ABSOLUTE
    ../clib/microlib/init/entry.s            0x00000000   Number         0  entry9b.o ABSOLUTE
    ../clib/microlib/init/entry.s            0x00000000   Number         0  entry9a.o ABSOLUTE
    ../clib/microlib/init/entry.s            0x00000000   Number         0  entry8a.o ABSOLUTE
    ../clib/microlib/init/entry.s            0x00000000   Number         0  entry2.o ABSOLUTE
    ../clib/microlib/init/entry.s            0x00000000   Number         0  entry8b.o ABSOLUTE
    ../clib/microlib/longlong.c              0x00000000   Number         0  llushr.o ABSOLUTE
    ../clib/microlib/string/memcmp.c         0x00000000   Number         0  memcmp.o ABSOLUTE
    ../clib/microlib/string/memcpy.c         0x00000000   Number         0  memcpya.o ABSOLUTE
    ../clib/microlib/string/memcpy.c         0x00000000   Number         0  memcpyb.o ABSOLUTE
    ../clib/microlib/string/memset.c         0x00000000   Number         0  memseta.o ABSOLUTE
    ../clib/microlib/string/strcpy.c         0x00000000   Number         0  strcpy.o ABSOLUTE
    ../clib/microlib/string/strlen.c         0x00000000   Number         0  strlen.o ABSOLUTE
    ..\Drivers\STM32G0xx_HAL_Driver\Src\stm32g0xx_ll_adc.c 0x00000000   Number         0  stm32g0xx_ll_adc.o ABSOLUTE
    ..\Drivers\STM32G0xx_HAL_Driver\Src\stm32g0xx_ll_dma.c 0x00000000   Number         0  stm32g0xx_ll_dma.o ABSOLUTE
    ..\Drivers\STM32G0xx_HAL_Driver\Src\stm32g0xx_ll_exti.c 0x00000000   Number         0  stm32g0xx_ll_exti.o ABSOLUTE
    ..\Drivers\STM32G0xx_HAL_Driver\Src\stm32g0xx_ll_gpio.c 0x00000000   Number         0  stm32g0xx_ll_gpio.o ABSOLUTE
    ..\Drivers\STM32G0xx_HAL_Driver\Src\stm32g0xx_ll_i2c.c 0x00000000   Number         0  stm32g0xx_ll_i2c.o ABSOLUTE
    ..\Drivers\STM32G0xx_HAL_Driver\Src\stm32g0xx_ll_pwr.c 0x00000000   Number         0  stm32g0xx_ll_pwr.o ABSOLUTE
    ..\Drivers\STM32G0xx_HAL_Driver\Src\stm32g0xx_ll_rcc.c 0x00000000   Number         0  stm32g0xx_ll_rcc.o ABSOLUTE
    ..\Drivers\STM32G0xx_HAL_Driver\Src\stm32g0xx_ll_spi.c 0x00000000   Number         0  stm32g0xx_ll_spi.o ABSOLUTE
    ..\Drivers\STM32G0xx_HAL_Driver\Src\stm32g0xx_ll_tim.c 0x00000000   Number         0  stm32g0xx_ll_tim.o ABSOLUTE
    ..\Drivers\STM32G0xx_HAL_Driver\Src\stm32g0xx_ll_usart.c 0x00000000   Number         0  stm32g0xx_ll_usart.o ABSOLUTE
    ..\Drivers\STM32G0xx_HAL_Driver\Src\stm32g0xx_ll_utils.c 0x00000000   Number         0  stm32g0xx_ll_utils.o ABSOLUTE
    ..\Src\SEGGER_RTT.c                      0x00000000   Number         0  segger_rtt.o ABSOLUTE
    ..\Src\SEGGER_RTT_printf.c               0x00000000   Number         0  segger_rtt_printf.o ABSOLUTE
    ..\Src\Usr_Upgrade.c                     0x00000000   Number         0  usr_upgrade.o ABSOLUTE
    ..\Src\Usr_exflash.c                     0x00000000   Number         0  usr_exflash.o ABSOLUTE
    ..\Src\Usr_flash.c                       0x00000000   Number         0  usr_flash.o ABSOLUTE
    ..\Src\Usr_main.c                        0x00000000   Number         0  usr_main.o ABSOLUTE
    ..\Src\stm32g0xx_it.c                    0x00000000   Number         0  stm32g0xx_it.o ABSOLUTE
    ..\Src\stm32g0xx_ll_flash.c              0x00000000   Number         0  stm32g0xx_ll_flash.o ABSOLUTE
    ..\Src\system_stm32g0xx.c                0x00000000   Number         0  system_stm32g0xx.o ABSOLUTE
    ..\Src\usr_gpio.c                        0x00000000   Number         0  usr_gpio.o ABSOLUTE
    ..\Src\usr_timer.c                       0x00000000   Number         0  usr_timer.o ABSOLUTE
    ..\Src\usr_uart.c                        0x00000000   Number         0  usr_uart.o ABSOLUTE
    ..\\Src\\Usr_Upgrade.c                   0x00000000   Number         0  usr_upgrade.o ABSOLUTE
    ..\\Src\\Usr_exflash.c                   0x00000000   Number         0  usr_exflash.o ABSOLUTE
    ..\\Src\\Usr_flash.c                     0x00000000   Number         0  usr_flash.o ABSOLUTE
    ..\\Src\\Usr_main.c                      0x00000000   Number         0  usr_main.o ABSOLUTE
    ..\\Src\\stm32g0xx_ll_flash.c            0x00000000   Number         0  stm32g0xx_ll_flash.o ABSOLUTE
    ..\\Src\\system_stm32g0xx.c              0x00000000   Number         0  system_stm32g0xx.o ABSOLUTE
    ..\\Src\\usr_gpio.c                      0x00000000   Number         0  usr_gpio.o ABSOLUTE
    ..\\Src\\usr_timer.c                     0x00000000   Number         0  usr_timer.o ABSOLUTE
    ..\\Src\\usr_uart.c                      0x00000000   Number         0  usr_uart.o ABSOLUTE
    dc.s                                     0x00000000   Number         0  dc.o ABSOLUTE
    handlers.s                               0x00000000   Number         0  handlers.o ABSOLUTE
    init.s                                   0x00000000   Number         0  init.o ABSOLUTE
    startup_stm32g070xx.s                    0x00000000   Number         0  startup_stm32g070xx.o ABSOLUTE
    RESET                                    0x08000000   Section      184  startup_stm32g070xx.o(RESET)
    .ARM.Collect$$$$00000000                 0x080000b8   Section        0  entry.o(.ARM.Collect$$$$00000000)
    .ARM.Collect$$$$00000001                 0x080000b8   Section        4  entry2.o(.ARM.Collect$$$$00000001)
    .ARM.Collect$$$$00000004                 0x080000bc   Section        4  entry5.o(.ARM.Collect$$$$00000004)
    .ARM.Collect$$$$00000008                 0x080000c0   Section        0  entry7b.o(.ARM.Collect$$$$00000008)
    .ARM.Collect$$$$0000000A                 0x080000c0   Section        0  entry8b.o(.ARM.Collect$$$$0000000A)
    .ARM.Collect$$$$0000000B                 0x080000c0   Section        8  entry9a.o(.ARM.Collect$$$$0000000B)
    .ARM.Collect$$$$0000000D                 0x080000c8   Section        0  entry10a.o(.ARM.Collect$$$$0000000D)
    .ARM.Collect$$$$0000000F                 0x080000c8   Section        0  entry11a.o(.ARM.Collect$$$$0000000F)
    .ARM.Collect$$$$00002712                 0x080000c8   Section        4  entry2.o(.ARM.Collect$$$$00002712)
    __lit__00000000                          0x080000c8   Data           4  entry2.o(.ARM.Collect$$$$00002712)
    .emb_text                                0x080000cc   Section        6  usr_upgrade.o(.emb_text)
    .text                                    0x080000d4   Section       28  startup_stm32g070xx.o(.text)
    .text                                    0x080000f0   Section        0  uidiv.o(.text)
    .text                                    0x0800011c   Section        0  idiv.o(.text)
    .text                                    0x08000144   Section        0  llushr.o(.text)
    .text                                    0x08000166   Section        0  memcpya.o(.text)
    .text                                    0x0800018a   Section        0  memseta.o(.text)
    .text                                    0x080001ae   Section        0  memcmp.o(.text)
    .text                                    0x080001c8   Section        0  strcpy.o(.text)
    .text                                    0x080001dc   Section       36  init.o(.text)
    i.EXFLASH_EraseSector                    0x08000200   Section        0  usr_exflash.o(i.EXFLASH_EraseSector)
    i.EXFLASH_ReadBuffer                     0x0800024a   Section        0  usr_exflash.o(i.EXFLASH_ReadBuffer)
    i.EXFLASH_SpiInit                        0x080002a8   Section        0  usr_exflash.o(i.EXFLASH_SpiInit)
    i.EXFLASH_WriteBuffer                    0x08000338   Section        0  usr_exflash.o(i.EXFLASH_WriteBuffer)
    i.FLASH_LowLevel_Init                    0x08000460   Section        0  usr_exflash.o(i.FLASH_LowLevel_Init)
    i.FLASH_SendByte                         0x080004f8   Section        0  usr_exflash.o(i.FLASH_SendByte)
    i.FLASH_WaitForWriteEnd                  0x08000528   Section        0  usr_exflash.o(i.FLASH_WaitForWriteEnd)
    i.FLASH_WriteEnable                      0x0800055e   Section        0  usr_exflash.o(i.FLASH_WriteEnable)
    i.FLASH_WritePage                        0x08000580   Section        0  usr_exflash.o(i.FLASH_WritePage)
    i.FS_InitValue                           0x080005e4   Section        0  usr_flash.o(i.FS_InitValue)
    i.FS_UpdateValue                         0x080006ac   Section        0  usr_flash.o(i.FS_UpdateValue)
    i.GPIO_init                              0x080006e4   Section        0  usr_gpio.o(i.GPIO_init)
    i.HardFault_Handler                      0x08000748   Section        0  stm32g0xx_it.o(i.HardFault_Handler)
    i.LL_APB1_GRP1_EnableClock               0x0800074c   Section        0  usr_main.o(i.LL_APB1_GRP1_EnableClock)
    LL_APB1_GRP1_EnableClock                 0x0800074d   Thumb Code    24  usr_main.o(i.LL_APB1_GRP1_EnableClock)
    i.LL_FLASH_ClearFlag_EOP                 0x08000768   Section        0  stm32g0xx_ll_flash.o(i.LL_FLASH_ClearFlag_EOP)
    LL_FLASH_ClearFlag_EOP                   0x08000769   Thumb Code    14  stm32g0xx_ll_flash.o(i.LL_FLASH_ClearFlag_EOP)
    i.LL_FLASH_IsActiveFlag_BSY              0x0800077c   Section        0  usr_flash.o(i.LL_FLASH_IsActiveFlag_BSY)
    LL_FLASH_IsActiveFlag_BSY                0x0800077d   Thumb Code    14  usr_flash.o(i.LL_FLASH_IsActiveFlag_BSY)
    i.LL_FLASH_IsActiveFlag_BSY              0x08000790   Section        0  stm32g0xx_ll_flash.o(i.LL_FLASH_IsActiveFlag_BSY)
    LL_FLASH_IsActiveFlag_BSY                0x08000791   Thumb Code    14  stm32g0xx_ll_flash.o(i.LL_FLASH_IsActiveFlag_BSY)
    i.LL_FLASH_IsActiveFlag_EOP              0x080007a4   Section        0  stm32g0xx_ll_flash.o(i.LL_FLASH_IsActiveFlag_EOP)
    LL_FLASH_IsActiveFlag_EOP                0x080007a5   Thumb Code    16  stm32g0xx_ll_flash.o(i.LL_FLASH_IsActiveFlag_EOP)
    i.LL_FLASH_Program                       0x080007b8   Section        0  stm32g0xx_ll_flash.o(i.LL_FLASH_Program)
    i.LL_FLASH_Program_Word                  0x08000836   Section        0  stm32g0xx_ll_flash.o(i.LL_FLASH_Program_Word)
    i.LL_Flash_PageErase                     0x0800083c   Section        0  stm32g0xx_ll_flash.o(i.LL_Flash_PageErase)
    i.LL_Flash_Unlock                        0x080008a4   Section        0  stm32g0xx_ll_flash.o(i.LL_Flash_Unlock)
    i.LL_GPIO_Init                           0x080008e8   Section        0  stm32g0xx_ll_gpio.o(i.LL_GPIO_Init)
    i.LL_GPIO_ResetOutputPin                 0x080009e2   Section        0  usr_exflash.o(i.LL_GPIO_ResetOutputPin)
    LL_GPIO_ResetOutputPin                   0x080009e3   Thumb Code     4  usr_exflash.o(i.LL_GPIO_ResetOutputPin)
    i.LL_GPIO_SetOutputPin                   0x080009e6   Section        0  usr_exflash.o(i.LL_GPIO_SetOutputPin)
    LL_GPIO_SetOutputPin                     0x080009e7   Thumb Code     4  usr_exflash.o(i.LL_GPIO_SetOutputPin)
    i.LL_IOP_GRP1_EnableClock                0x080009ec   Section        0  usr_exflash.o(i.LL_IOP_GRP1_EnableClock)
    LL_IOP_GRP1_EnableClock                  0x080009ed   Thumb Code    24  usr_exflash.o(i.LL_IOP_GRP1_EnableClock)
    i.LL_Init1msTick                         0x08000a08   Section        0  stm32g0xx_ll_utils.o(i.LL_Init1msTick)
    i.LL_RCC_GetSystemClocksFreq             0x08000a30   Section        0  stm32g0xx_ll_rcc.o(i.LL_RCC_GetSystemClocksFreq)
    i.LL_RCC_GetUSARTClockFreq               0x08000a4c   Section        0  stm32g0xx_ll_rcc.o(i.LL_RCC_GetUSARTClockFreq)
    i.LL_RCC_GetUSARTClockSource             0x08000b08   Section        0  stm32g0xx_ll_rcc.o(i.LL_RCC_GetUSARTClockSource)
    LL_RCC_GetUSARTClockSource               0x08000b09   Thumb Code    14  stm32g0xx_ll_rcc.o(i.LL_RCC_GetUSARTClockSource)
    i.LL_RCC_HSI_IsReady                     0x08000b1c   Section        0  stm32g0xx_ll_rcc.o(i.LL_RCC_HSI_IsReady)
    LL_RCC_HSI_IsReady                       0x08000b1d   Thumb Code    14  stm32g0xx_ll_rcc.o(i.LL_RCC_HSI_IsReady)
    i.LL_RCC_LSE_IsReady                     0x08000b30   Section        0  stm32g0xx_ll_rcc.o(i.LL_RCC_LSE_IsReady)
    LL_RCC_LSE_IsReady                       0x08000b31   Thumb Code    12  stm32g0xx_ll_rcc.o(i.LL_RCC_LSE_IsReady)
    i.LL_RCC_PLL_GetDivider                  0x08000b40   Section        0  stm32g0xx_ll_rcc.o(i.LL_RCC_PLL_GetDivider)
    LL_RCC_PLL_GetDivider                    0x08000b41   Thumb Code    10  stm32g0xx_ll_rcc.o(i.LL_RCC_PLL_GetDivider)
    i.LL_RCC_PLL_GetN                        0x08000b50   Section        0  stm32g0xx_ll_rcc.o(i.LL_RCC_PLL_GetN)
    LL_RCC_PLL_GetN                          0x08000b51   Thumb Code    14  stm32g0xx_ll_rcc.o(i.LL_RCC_PLL_GetN)
    i.LL_RCC_SetUSARTClockSource             0x08000b64   Section        0  usr_timer.o(i.LL_RCC_SetUSARTClockSource)
    LL_RCC_SetUSARTClockSource               0x08000b65   Thumb Code    18  usr_timer.o(i.LL_RCC_SetUSARTClockSource)
    i.LL_SPI_Init                            0x08000b7c   Section        0  stm32g0xx_ll_spi.o(i.LL_SPI_Init)
    i.LL_SPI_IsActiveFlag_RXNE               0x08000bf4   Section        0  usr_exflash.o(i.LL_SPI_IsActiveFlag_RXNE)
    LL_SPI_IsActiveFlag_RXNE                 0x08000bf5   Thumb Code    16  usr_exflash.o(i.LL_SPI_IsActiveFlag_RXNE)
    i.LL_SPI_IsActiveFlag_TXE                0x08000c04   Section        0  usr_exflash.o(i.LL_SPI_IsActiveFlag_TXE)
    LL_SPI_IsActiveFlag_TXE                  0x08000c05   Thumb Code    12  usr_exflash.o(i.LL_SPI_IsActiveFlag_TXE)
    i.LL_SetSystemCoreClock                  0x08000c10   Section        0  stm32g0xx_ll_utils.o(i.LL_SetSystemCoreClock)
    i.LL_USART_Init                          0x08000c1c   Section        0  stm32g0xx_ll_usart.o(i.LL_USART_Init)
    i.LL_USART_IsActiveFlag_IDLE             0x08000cf0   Section        0  usr_uart.o(i.LL_USART_IsActiveFlag_IDLE)
    LL_USART_IsActiveFlag_IDLE               0x08000cf1   Thumb Code    12  usr_uart.o(i.LL_USART_IsActiveFlag_IDLE)
    i.LL_USART_IsActiveFlag_ORE              0x08000cfc   Section        0  usr_uart.o(i.LL_USART_IsActiveFlag_ORE)
    LL_USART_IsActiveFlag_ORE                0x08000cfd   Thumb Code    12  usr_uart.o(i.LL_USART_IsActiveFlag_ORE)
    i.LL_USART_IsActiveFlag_RXNE_RXFNE       0x08000d08   Section        0  usr_uart.o(i.LL_USART_IsActiveFlag_RXNE_RXFNE)
    LL_USART_IsActiveFlag_RXNE_RXFNE         0x08000d09   Thumb Code    12  usr_uart.o(i.LL_USART_IsActiveFlag_RXNE_RXFNE)
    i.LL_USART_IsEnabled                     0x08000d14   Section        0  stm32g0xx_ll_usart.o(i.LL_USART_IsEnabled)
    LL_USART_IsEnabled                       0x08000d15   Thumb Code    16  stm32g0xx_ll_usart.o(i.LL_USART_IsEnabled)
    i.LL_USART_SetBaudRate                   0x08000d24   Section        0  stm32g0xx_ll_usart.o(i.LL_USART_SetBaudRate)
    LL_USART_SetBaudRate                     0x08000d25   Thumb Code   110  stm32g0xx_ll_usart.o(i.LL_USART_SetBaudRate)
    i.LL_mDelay                              0x08000d9c   Section        0  stm32g0xx_ll_utils.o(i.LL_mDelay)
    i.NMI_Handler                            0x08000dd0   Section        0  stm32g0xx_it.o(i.NMI_Handler)
    i.PendSV_Handler                         0x08000dd2   Section        0  stm32g0xx_it.o(i.PendSV_Handler)
    i.RCC_GetHCLKClockFreq                   0x08000dd4   Section        0  stm32g0xx_ll_rcc.o(i.RCC_GetHCLKClockFreq)
    i.RCC_GetPCLK1ClockFreq                  0x08000e00   Section        0  stm32g0xx_ll_rcc.o(i.RCC_GetPCLK1ClockFreq)
    i.RCC_GetSystemClockFreq                 0x08000e28   Section        0  stm32g0xx_ll_rcc.o(i.RCC_GetSystemClockFreq)
    i.RCC_PLL_GetFreqDomain_SYS              0x08000e80   Section        0  stm32g0xx_ll_rcc.o(i.RCC_PLL_GetFreqDomain_SYS)
    i.SEGGER_RTT_Write                       0x08000ee0   Section        0  segger_rtt.o(i.SEGGER_RTT_Write)
    i.SEGGER_RTT_WriteNoLock                 0x08000f28   Section        0  segger_rtt.o(i.SEGGER_RTT_WriteNoLock)
    i.SEGGER_RTT_printf                      0x08000fac   Section        0  segger_rtt_printf.o(i.SEGGER_RTT_printf)
    i.SEGGER_RTT_vprintf                     0x08000fd0   Section        0  segger_rtt_printf.o(i.SEGGER_RTT_vprintf)
    i.SPI1_IRQHandler                        0x080011e8   Section        0  stm32g0xx_it.o(i.SPI1_IRQHandler)
    i.STMFLASH_Read                          0x080011ea   Section        0  usr_flash.o(i.STMFLASH_Read)
    i.STMFLASH_ReadWord                      0x0800120c   Section        0  usr_flash.o(i.STMFLASH_ReadWord)
    i.STMFLASH_WriteFs                       0x08001214   Section        0  usr_flash.o(i.STMFLASH_WriteFs)
    i.STMFLASH_Write_NoCheck                 0x08001264   Section        0  usr_flash.o(i.STMFLASH_Write_NoCheck)
    i.SVC_Handler                            0x080012cc   Section        0  stm32g0xx_it.o(i.SVC_Handler)
    i.SysTick_Handler                        0x080012ce   Section        0  stm32g0xx_it.o(i.SysTick_Handler)
    i.SystemClock_Config                     0x080012d0   Section        0  usr_timer.o(i.SystemClock_Config)
    i.SystemInit                             0x08001430   Section        0  system_stm32g0xx.o(i.SystemInit)
    i.UART_Init                              0x08001440   Section        0  usr_uart.o(i.UART_Init)
    i.UART_InitUartDebug                     0x08001448   Section        0  usr_uart.o(i.UART_InitUartDebug)
    i.UPG_AppUprate                          0x08001560   Section        0  usr_upgrade.o(i.UPG_AppUprate)
    i.USART3_4_IRQHandler                    0x080015d4   Section        0  usr_uart.o(i.USART3_4_IRQHandler)
    i.Usr_InitHardware                       0x08001660   Section        0  usr_main.o(i.Usr_InitHardware)
    i.Usr_InitValue                          0x080016c4   Section        0  usr_main.o(i.Usr_InitValue)
    i._DoInit                                0x080016cc   Section        0  segger_rtt.o(i._DoInit)
    _DoInit                                  0x080016cd   Thumb Code    74  segger_rtt.o(i._DoInit)
    i._GetAvailWriteSpace                    0x0800173c   Section        0  segger_rtt.o(i._GetAvailWriteSpace)
    _GetAvailWriteSpace                      0x0800173d   Thumb Code    28  segger_rtt.o(i._GetAvailWriteSpace)
    i._PrintInt                              0x08001758   Section        0  segger_rtt_printf.o(i._PrintInt)
    _PrintInt                                0x08001759   Thumb Code   270  segger_rtt_printf.o(i._PrintInt)
    i._PrintUnsigned                         0x08001868   Section        0  segger_rtt_printf.o(i._PrintUnsigned)
    _PrintUnsigned                           0x08001869   Thumb Code   280  segger_rtt_printf.o(i._PrintUnsigned)
    i._StoreChar                             0x08001984   Section        0  segger_rtt_printf.o(i._StoreChar)
    _StoreChar                               0x08001985   Thumb Code    68  segger_rtt_printf.o(i._StoreChar)
    i._WriteBlocking                         0x080019c8   Section        0  segger_rtt.o(i._WriteBlocking)
    _WriteBlocking                           0x080019c9   Thumb Code   122  segger_rtt.o(i._WriteBlocking)
    i._WriteNoCheck                          0x08001a42   Section        0  segger_rtt.o(i._WriteNoCheck)
    _WriteNoCheck                            0x08001a43   Thumb Code    74  segger_rtt.o(i._WriteNoCheck)
    i.__NVIC_SetPriority                     0x08001a8c   Section        0  usr_uart.o(i.__NVIC_SetPriority)
    __NVIC_SetPriority                       0x08001a8d   Thumb Code   110  usr_uart.o(i.__NVIC_SetPriority)
    i.__NVIC_SystemReset                     0x08001b04   Section        0  usr_upgrade.o(i.__NVIC_SystemReset)
    __NVIC_SystemReset                       0x08001b05   Thumb Code    44  usr_upgrade.o(i.__NVIC_SystemReset)
    i.__scatterload_copy                     0x08001b38   Section       14  handlers.o(i.__scatterload_copy)
    i.__scatterload_null                     0x08001b46   Section        2  handlers.o(i.__scatterload_null)
    i.__scatterload_zeroinit                 0x08001b48   Section       14  handlers.o(i.__scatterload_zeroinit)
    i.iap_load_app                           0x08001b58   Section        0  usr_upgrade.o(i.iap_load_app)
    i.iap_write_appbin                       0x08001b88   Section        0  usr_upgrade.o(i.iap_write_appbin)
    i.main                                   0x08001d54   Section        0  usr_main.o(i.main)
    .constdata                               0x08001f28   Section       16  segger_rtt_printf.o(.constdata)
    _aV2C                                    0x08001f28   Data          16  segger_rtt_printf.o(.constdata)
    .constdata                               0x08001f38   Section       96  system_stm32g0xx.o(.constdata)
    .constdata                               0x08001f98   Section       48  stm32g0xx_ll_usart.o(.constdata)
    USART_PRESCALER_TAB                      0x08001f98   Data          48  stm32g0xx_ll_usart.o(.constdata)
    .conststring                             0x08001fc8   Section       66  usr_upgrade.o(.conststring)
    .data                                    0x20000000   Section        4  system_stm32g0xx.o(.data)
    .data                                    0x20000004   Section        8  usr_main.o(.data)
    .data                                    0x2000000c   Section        5  usr_upgrade.o(.data)
    packnumb                                 0x20000010   Data           1  usr_upgrade.o(.data)
    .bss                                     0x20000014   Section     1208  segger_rtt.o(.bss)
    _acUpBuffer                              0x200000bc   Data        1024  segger_rtt.o(.bss)
    _acDownBuffer                            0x200004bc   Data          16  segger_rtt.o(.bss)
    .bss                                     0x200004cc   Section      244  usr_flash.o(.bss)
    .bss                                     0x200005c0   Section     6144  usr_upgrade.o(.bss)
    STACK                                    0x20001dc0   Section     1536  startup_stm32g070xx.o(STACK)

    Global Symbols

    Symbol Name                              Value     Ov Type        Size  Object(Section)

    BuildAttributes$$THM_ISAv3M$S$PE$A:L22$X:L11$S22$IEEE1$IW$USESV6$~STKCKD$USESV7$~SHL$OSPACE$EBA8$MICROLIB$REQ8$PRES8$EABIv2 0x00000000   Number         0  anon$$obj.o ABSOLUTE
    __ARM_use_no_argv                        0x00000000   Number         0  usr_main.o ABSOLUTE
    __cpp_initialize__aeabi_                  - Undefined Weak Reference
    __cxa_finalize                            - Undefined Weak Reference
    __decompress                              - Undefined Weak Reference
    _clock_init                               - Undefined Weak Reference
    _microlib_exit                            - Undefined Weak Reference
    __Vectors_Size                           0x000000b8   Number         0  startup_stm32g070xx.o ABSOLUTE
    __Vectors                                0x08000000   Data           4  startup_stm32g070xx.o(RESET)
    __Vectors_End                            0x080000b8   Data           0  startup_stm32g070xx.o(RESET)
    __main                                   0x080000b9   Thumb Code     0  entry.o(.ARM.Collect$$$$00000000)
    _main_stk                                0x080000b9   Thumb Code     0  entry2.o(.ARM.Collect$$$$00000001)
    _main_scatterload                        0x080000bd   Thumb Code     0  entry5.o(.ARM.Collect$$$$00000004)
    __main_after_scatterload                 0x080000c1   Thumb Code     0  entry5.o(.ARM.Collect$$$$00000004)
    _main_clock                              0x080000c1   Thumb Code     0  entry7b.o(.ARM.Collect$$$$00000008)
    _main_cpp_init                           0x080000c1   Thumb Code     0  entry8b.o(.ARM.Collect$$$$0000000A)
    _main_init                               0x080000c1   Thumb Code     0  entry9a.o(.ARM.Collect$$$$0000000B)
    __rt_final_cpp                           0x080000c9   Thumb Code     0  entry10a.o(.ARM.Collect$$$$0000000D)
    __rt_final_exit                          0x080000c9   Thumb Code     0  entry11a.o(.ARM.Collect$$$$0000000F)
    MSR_MSP                                  0x080000cd   Thumb Code     6  usr_upgrade.o(.emb_text)
    Reset_Handler                            0x080000d5   Thumb Code     8  startup_stm32g070xx.o(.text)
    ADC1_IRQHandler                          0x080000e7   Thumb Code     0  startup_stm32g070xx.o(.text)
    DMA1_Ch4_7_DMAMUX1_OVR_IRQHandler        0x080000e7   Thumb Code     0  startup_stm32g070xx.o(.text)
    DMA1_Channel1_IRQHandler                 0x080000e7   Thumb Code     0  startup_stm32g070xx.o(.text)
    DMA1_Channel2_3_IRQHandler               0x080000e7   Thumb Code     0  startup_stm32g070xx.o(.text)
    EXTI0_1_IRQHandler                       0x080000e7   Thumb Code     0  startup_stm32g070xx.o(.text)
    EXTI2_3_IRQHandler                       0x080000e7   Thumb Code     0  startup_stm32g070xx.o(.text)
    EXTI4_15_IRQHandler                      0x080000e7   Thumb Code     0  startup_stm32g070xx.o(.text)
    FLASH_IRQHandler                         0x080000e7   Thumb Code     0  startup_stm32g070xx.o(.text)
    I2C1_IRQHandler                          0x080000e7   Thumb Code     0  startup_stm32g070xx.o(.text)
    I2C2_IRQHandler                          0x080000e7   Thumb Code     0  startup_stm32g070xx.o(.text)
    RCC_IRQHandler                           0x080000e7   Thumb Code     0  startup_stm32g070xx.o(.text)
    RTC_TAMP_IRQHandler                      0x080000e7   Thumb Code     0  startup_stm32g070xx.o(.text)
    SPI2_IRQHandler                          0x080000e7   Thumb Code     0  startup_stm32g070xx.o(.text)
    TIM14_IRQHandler                         0x080000e7   Thumb Code     0  startup_stm32g070xx.o(.text)
    TIM15_IRQHandler                         0x080000e7   Thumb Code     0  startup_stm32g070xx.o(.text)
    TIM16_IRQHandler                         0x080000e7   Thumb Code     0  startup_stm32g070xx.o(.text)
    TIM17_IRQHandler                         0x080000e7   Thumb Code     0  startup_stm32g070xx.o(.text)
    TIM1_BRK_UP_TRG_COM_IRQHandler           0x080000e7   Thumb Code     0  startup_stm32g070xx.o(.text)
    TIM1_CC_IRQHandler                       0x080000e7   Thumb Code     0  startup_stm32g070xx.o(.text)
    TIM3_IRQHandler                          0x080000e7   Thumb Code     0  startup_stm32g070xx.o(.text)
    TIM6_IRQHandler                          0x080000e7   Thumb Code     0  startup_stm32g070xx.o(.text)
    TIM7_IRQHandler                          0x080000e7   Thumb Code     0  startup_stm32g070xx.o(.text)
    USART1_IRQHandler                        0x080000e7   Thumb Code     0  startup_stm32g070xx.o(.text)
    USART2_IRQHandler                        0x080000e7   Thumb Code     0  startup_stm32g070xx.o(.text)
    WWDG_IRQHandler                          0x080000e7   Thumb Code     0  startup_stm32g070xx.o(.text)
    __aeabi_uidiv                            0x080000f1   Thumb Code     0  uidiv.o(.text)
    __aeabi_uidivmod                         0x080000f1   Thumb Code    44  uidiv.o(.text)
    __aeabi_idiv                             0x0800011d   Thumb Code     0  idiv.o(.text)
    __aeabi_idivmod                          0x0800011d   Thumb Code    40  idiv.o(.text)
    __aeabi_llsr                             0x08000145   Thumb Code    34  llushr.o(.text)
    _ll_ushift_r                             0x08000145   Thumb Code     0  llushr.o(.text)
    __aeabi_memcpy                           0x08000167   Thumb Code    36  memcpya.o(.text)
    __aeabi_memcpy4                          0x08000167   Thumb Code     0  memcpya.o(.text)
    __aeabi_memcpy8                          0x08000167   Thumb Code     0  memcpya.o(.text)
    __aeabi_memset                           0x0800018b   Thumb Code    14  memseta.o(.text)
    __aeabi_memset4                          0x0800018b   Thumb Code     0  memseta.o(.text)
    __aeabi_memset8                          0x0800018b   Thumb Code     0  memseta.o(.text)
    __aeabi_memclr                           0x08000199   Thumb Code     4  memseta.o(.text)
    __aeabi_memclr4                          0x08000199   Thumb Code     0  memseta.o(.text)
    __aeabi_memclr8                          0x08000199   Thumb Code     0  memseta.o(.text)
    _memset$wrapper                          0x0800019d   Thumb Code    18  memseta.o(.text)
    memcmp                                   0x080001af   Thumb Code    26  memcmp.o(.text)
    strcpy                                   0x080001c9   Thumb Code    18  strcpy.o(.text)
    __scatterload                            0x080001dd   Thumb Code    28  init.o(.text)
    __scatterload_rt2                        0x080001dd   Thumb Code     0  init.o(.text)
    EXFLASH_EraseSector                      0x08000201   Thumb Code    74  usr_exflash.o(i.EXFLASH_EraseSector)
    EXFLASH_ReadBuffer                       0x0800024b   Thumb Code    92  usr_exflash.o(i.EXFLASH_ReadBuffer)
    EXFLASH_SpiInit                          0x080002a9   Thumb Code   136  usr_exflash.o(i.EXFLASH_SpiInit)
    EXFLASH_WriteBuffer                      0x08000339   Thumb Code   296  usr_exflash.o(i.EXFLASH_WriteBuffer)
    FLASH_LowLevel_Init                      0x08000461   Thumb Code   146  usr_exflash.o(i.FLASH_LowLevel_Init)
    FLASH_SendByte                           0x080004f9   Thumb Code    44  usr_exflash.o(i.FLASH_SendByte)
    FLASH_WaitForWriteEnd                    0x08000529   Thumb Code    54  usr_exflash.o(i.FLASH_WaitForWriteEnd)
    FLASH_WriteEnable                        0x0800055f   Thumb Code    34  usr_exflash.o(i.FLASH_WriteEnable)
    FLASH_WritePage                          0x08000581   Thumb Code    98  usr_exflash.o(i.FLASH_WritePage)
    FS_InitValue                             0x080005e5   Thumb Code    88  usr_flash.o(i.FS_InitValue)
    FS_UpdateValue                           0x080006ad   Thumb Code    46  usr_flash.o(i.FS_UpdateValue)
    GPIO_init                                0x080006e5   Thumb Code    94  usr_gpio.o(i.GPIO_init)
    HardFault_Handler                        0x08000749   Thumb Code     4  stm32g0xx_it.o(i.HardFault_Handler)
    LL_FLASH_Program                         0x080007b9   Thumb Code   126  stm32g0xx_ll_flash.o(i.LL_FLASH_Program)
    LL_FLASH_Program_Word                    0x08000837   Thumb Code     4  stm32g0xx_ll_flash.o(i.LL_FLASH_Program_Word)
    LL_Flash_PageErase                       0x0800083d   Thumb Code   100  stm32g0xx_ll_flash.o(i.LL_Flash_PageErase)
    LL_Flash_Unlock                          0x080008a5   Thumb Code    48  stm32g0xx_ll_flash.o(i.LL_Flash_Unlock)
    LL_GPIO_Init                             0x080008e9   Thumb Code   250  stm32g0xx_ll_gpio.o(i.LL_GPIO_Init)
    LL_Init1msTick                           0x08000a09   Thumb Code    34  stm32g0xx_ll_utils.o(i.LL_Init1msTick)
    LL_RCC_GetSystemClocksFreq               0x08000a31   Thumb Code    28  stm32g0xx_ll_rcc.o(i.LL_RCC_GetSystemClocksFreq)
    LL_RCC_GetUSARTClockFreq                 0x08000a4d   Thumb Code   182  stm32g0xx_ll_rcc.o(i.LL_RCC_GetUSARTClockFreq)
    LL_SPI_Init                              0x08000b7d   Thumb Code   112  stm32g0xx_ll_spi.o(i.LL_SPI_Init)
    LL_SetSystemCoreClock                    0x08000c11   Thumb Code     6  stm32g0xx_ll_utils.o(i.LL_SetSystemCoreClock)
    LL_USART_Init                            0x08000c1d   Thumb Code   192  stm32g0xx_ll_usart.o(i.LL_USART_Init)
    LL_mDelay                                0x08000d9d   Thumb Code    46  stm32g0xx_ll_utils.o(i.LL_mDelay)
    NMI_Handler                              0x08000dd1   Thumb Code     2  stm32g0xx_it.o(i.NMI_Handler)
    PendSV_Handler                           0x08000dd3   Thumb Code     2  stm32g0xx_it.o(i.PendSV_Handler)
    RCC_GetHCLKClockFreq                     0x08000dd5   Thumb Code    34  stm32g0xx_ll_rcc.o(i.RCC_GetHCLKClockFreq)
    RCC_GetPCLK1ClockFreq                    0x08000e01   Thumb Code    32  stm32g0xx_ll_rcc.o(i.RCC_GetPCLK1ClockFreq)
    RCC_GetSystemClockFreq                   0x08000e29   Thumb Code    74  stm32g0xx_ll_rcc.o(i.RCC_GetSystemClockFreq)
    RCC_PLL_GetFreqDomain_SYS                0x08000e81   Thumb Code    82  stm32g0xx_ll_rcc.o(i.RCC_PLL_GetFreqDomain_SYS)
    SEGGER_RTT_Write                         0x08000ee1   Thumb Code    66  segger_rtt.o(i.SEGGER_RTT_Write)
    SEGGER_RTT_WriteNoLock                   0x08000f29   Thumb Code   128  segger_rtt.o(i.SEGGER_RTT_WriteNoLock)
    SEGGER_RTT_printf                        0x08000fad   Thumb Code    36  segger_rtt_printf.o(i.SEGGER_RTT_printf)
    SEGGER_RTT_vprintf                       0x08000fd1   Thumb Code   536  segger_rtt_printf.o(i.SEGGER_RTT_vprintf)
    SPI1_IRQHandler                          0x080011e9   Thumb Code     2  stm32g0xx_it.o(i.SPI1_IRQHandler)
    STMFLASH_Read                            0x080011eb   Thumb Code    34  usr_flash.o(i.STMFLASH_Read)
    STMFLASH_ReadWord                        0x0800120d   Thumb Code     6  usr_flash.o(i.STMFLASH_ReadWord)
    STMFLASH_WriteFs                         0x08001215   Thumb Code    72  usr_flash.o(i.STMFLASH_WriteFs)
    STMFLASH_Write_NoCheck                   0x08001265   Thumb Code    98  usr_flash.o(i.STMFLASH_Write_NoCheck)
    SVC_Handler                              0x080012cd   Thumb Code     2  stm32g0xx_it.o(i.SVC_Handler)
    SysTick_Handler                          0x080012cf   Thumb Code     2  stm32g0xx_it.o(i.SysTick_Handler)
    SystemClock_Config                       0x080012d1   Thumb Code   332  usr_timer.o(i.SystemClock_Config)
    SystemInit                               0x08001431   Thumb Code    10  system_stm32g0xx.o(i.SystemInit)
    UART_Init                                0x08001441   Thumb Code     8  usr_uart.o(i.UART_Init)
    UART_InitUartDebug                       0x08001449   Thumb Code   262  usr_uart.o(i.UART_InitUartDebug)
    UPG_AppUprate                            0x08001561   Thumb Code   106  usr_upgrade.o(i.UPG_AppUprate)
    USART3_4_IRQHandler                      0x080015d5   Thumb Code   132  usr_uart.o(i.USART3_4_IRQHandler)
    Usr_InitHardware                         0x08001661   Thumb Code    90  usr_main.o(i.Usr_InitHardware)
    Usr_InitValue                            0x080016c5   Thumb Code     8  usr_main.o(i.Usr_InitValue)
    __scatterload_copy                       0x08001b39   Thumb Code    14  handlers.o(i.__scatterload_copy)
    __scatterload_null                       0x08001b47   Thumb Code     2  handlers.o(i.__scatterload_null)
    __scatterload_zeroinit                   0x08001b49   Thumb Code    14  handlers.o(i.__scatterload_zeroinit)
    iap_load_app                             0x08001b59   Thumb Code    38  usr_upgrade.o(i.iap_load_app)
    iap_write_appbin                         0x08001b89   Thumb Code   378  usr_upgrade.o(i.iap_write_appbin)
    main                                     0x08001d55   Thumb Code   184  usr_main.o(i.main)
    AHBPrescTable                            0x08001f38   Data          64  system_stm32g0xx.o(.constdata)
    APBPrescTable                            0x08001f78   Data          32  system_stm32g0xx.o(.constdata)
    Region$$Table$$Base                      0x0800200c   Number         0  anon$$obj.o(Region$$Table)
    Region$$Table$$Limit                     0x0800202c   Number         0  anon$$obj.o(Region$$Table)
    SystemCoreClock                          0x20000000   Data           4  system_stm32g0xx.o(.data)
    Flag                                     0x20000004   Data           1  usr_main.o(.data)
    FlashDestination                         0x20000008   Data           4  usr_main.o(.data)
    jump2app                                 0x2000000c   Data           4  usr_upgrade.o(.data)
    _SEGGER_RTT                              0x20000014   Data         168  segger_rtt.o(.bss)
    FsUpg                                    0x200004cc   Data         244  usr_flash.o(.bss)
    iapbuf                                   0x200005c0   Data        2048  usr_upgrade.o(.bss)
    iapread                                  0x20000dc0   Data        2048  usr_upgrade.o(.bss)
    UpgPacketBuf                             0x200015c0   Data        2048  usr_upgrade.o(.bss)
    __initial_sp                             0x200023c0   Data           0  startup_stm32g070xx.o(STACK)



==============================================================================

Memory Map of the image

  Image Entry point : 0x080000b9

  Load Region LR_IROM1 (Base: 0x08000000, Size: 0x00002040, Max: 0x00003000, ABSOLUTE)

    Execution Region ER_IROM1 (Exec base: 0x08000000, Load base: 0x08000000, Size: 0x0000202c, Max: 0x00003000, ABSOLUTE)

    Exec Addr    Load Addr    Size         Type   Attr      Idx    E Section Name        Object

    0x08000000   0x08000000   0x000000b8   Data   RO            3    RESET               startup_stm32g070xx.o
    0x080000b8   0x080000b8   0x00000000   Code   RO         1846  * .ARM.Collect$$$$00000000  mc_p.l(entry.o)
    0x080000b8   0x080000b8   0x00000004   Code   RO         1867    .ARM.Collect$$$$00000001  mc_p.l(entry2.o)
    0x080000bc   0x080000bc   0x00000004   Code   RO         1870    .ARM.Collect$$$$00000004  mc_p.l(entry5.o)
    0x080000c0   0x080000c0   0x00000000   Code   RO         1872    .ARM.Collect$$$$00000008  mc_p.l(entry7b.o)
    0x080000c0   0x080000c0   0x00000000   Code   RO         1874    .ARM.Collect$$$$0000000A  mc_p.l(entry8b.o)
    0x080000c0   0x080000c0   0x00000008   Code   RO         1875    .ARM.Collect$$$$0000000B  mc_p.l(entry9a.o)
    0x080000c8   0x080000c8   0x00000000   Code   RO         1877    .ARM.Collect$$$$0000000D  mc_p.l(entry10a.o)
    0x080000c8   0x080000c8   0x00000000   Code   RO         1879    .ARM.Collect$$$$0000000F  mc_p.l(entry11a.o)
    0x080000c8   0x080000c8   0x00000004   Code   RO         1868    .ARM.Collect$$$$00002712  mc_p.l(entry2.o)
    0x080000cc   0x080000cc   0x00000006   Code   RO          905    .emb_text           usr_upgrade.o
    0x080000d2   0x080000d2   0x00000002   PAD
    0x080000d4   0x080000d4   0x0000001c   Code   RO            4    .text               startup_stm32g070xx.o
    0x080000f0   0x080000f0   0x0000002c   Code   RO         1849    .text               mc_p.l(uidiv.o)
    0x0800011c   0x0800011c   0x00000028   Code   RO         1851    .text               mc_p.l(idiv.o)
    0x08000144   0x08000144   0x00000022   Code   RO         1853    .text               mc_p.l(llushr.o)
    0x08000166   0x08000166   0x00000024   Code   RO         1855    .text               mc_p.l(memcpya.o)
    0x0800018a   0x0800018a   0x00000024   Code   RO         1857    .text               mc_p.l(memseta.o)
    0x080001ae   0x080001ae   0x0000001a   Code   RO         1861    .text               mc_p.l(memcmp.o)
    0x080001c8   0x080001c8   0x00000012   Code   RO         1863    .text               mc_p.l(strcpy.o)
    0x080001da   0x080001da   0x00000002   PAD
    0x080001dc   0x080001dc   0x00000024   Code   RO         1881    .text               mc_p.l(init.o)
    0x08000200   0x08000200   0x0000004a   Code   RO          654    i.EXFLASH_EraseSector  usr_exflash.o
    0x0800024a   0x0800024a   0x0000005c   Code   RO          656    i.EXFLASH_ReadBuffer  usr_exflash.o
    0x080002a6   0x080002a6   0x00000002   PAD
    0x080002a8   0x080002a8   0x00000090   Code   RO          657    i.EXFLASH_SpiInit   usr_exflash.o
    0x08000338   0x08000338   0x00000128   Code   RO          658    i.EXFLASH_WriteBuffer  usr_exflash.o
    0x08000460   0x08000460   0x00000098   Code   RO          660    i.FLASH_LowLevel_Init  usr_exflash.o
    0x080004f8   0x080004f8   0x00000030   Code   RO          662    i.FLASH_SendByte    usr_exflash.o
    0x08000528   0x08000528   0x00000036   Code   RO          665    i.FLASH_WaitForWriteEnd  usr_exflash.o
    0x0800055e   0x0800055e   0x00000022   Code   RO          666    i.FLASH_WriteEnable  usr_exflash.o
    0x08000580   0x08000580   0x00000062   Code   RO          667    i.FLASH_WritePage   usr_exflash.o
    0x080005e2   0x080005e2   0x00000002   PAD
    0x080005e4   0x080005e4   0x000000c8   Code   RO          790    i.FS_InitValue      usr_flash.o
    0x080006ac   0x080006ac   0x00000038   Code   RO          791    i.FS_UpdateValue    usr_flash.o
    0x080006e4   0x080006e4   0x00000064   Code   RO          144    i.GPIO_init         usr_gpio.o
    0x08000748   0x08000748   0x00000004   Code   RO           12    i.HardFault_Handler  stm32g0xx_it.o
    0x0800074c   0x0800074c   0x0000001c   Code   RO          855    i.LL_APB1_GRP1_EnableClock  usr_main.o
    0x08000768   0x08000768   0x00000014   Code   RO          959    i.LL_FLASH_ClearFlag_EOP  stm32g0xx_ll_flash.o
    0x0800077c   0x0800077c   0x00000014   Code   RO          792    i.LL_FLASH_IsActiveFlag_BSY  usr_flash.o
    0x08000790   0x08000790   0x00000014   Code   RO          960    i.LL_FLASH_IsActiveFlag_BSY  stm32g0xx_ll_flash.o
    0x080007a4   0x080007a4   0x00000014   Code   RO          961    i.LL_FLASH_IsActiveFlag_EOP  stm32g0xx_ll_flash.o
    0x080007b8   0x080007b8   0x0000007e   Code   RO          962    i.LL_FLASH_Program  stm32g0xx_ll_flash.o
    0x08000836   0x08000836   0x00000004   Code   RO          964    i.LL_FLASH_Program_Word  stm32g0xx_ll_flash.o
    0x0800083a   0x0800083a   0x00000002   PAD
    0x0800083c   0x0800083c   0x00000068   Code   RO          965    i.LL_Flash_PageErase  stm32g0xx_ll_flash.o
    0x080008a4   0x080008a4   0x00000044   Code   RO          966    i.LL_Flash_Unlock   stm32g0xx_ll_flash.o
    0x080008e8   0x080008e8   0x000000fa   Code   RO         1022    i.LL_GPIO_Init      stm32g0xx_ll_gpio.o
    0x080009e2   0x080009e2   0x00000004   Code   RO          668    i.LL_GPIO_ResetOutputPin  usr_exflash.o
    0x080009e6   0x080009e6   0x00000004   Code   RO          669    i.LL_GPIO_SetOutputPin  usr_exflash.o
    0x080009ea   0x080009ea   0x00000002   PAD
    0x080009ec   0x080009ec   0x0000001c   Code   RO          670    i.LL_IOP_GRP1_EnableClock  usr_exflash.o
    0x08000a08   0x08000a08   0x00000028   Code   RO         1387    i.LL_Init1msTick    stm32g0xx_ll_utils.o
    0x08000a30   0x08000a30   0x0000001c   Code   RO         1262    i.LL_RCC_GetSystemClocksFreq  stm32g0xx_ll_rcc.o
    0x08000a4c   0x08000a4c   0x000000bc   Code   RO         1263    i.LL_RCC_GetUSARTClockFreq  stm32g0xx_ll_rcc.o
    0x08000b08   0x08000b08   0x00000014   Code   RO         1264    i.LL_RCC_GetUSARTClockSource  stm32g0xx_ll_rcc.o
    0x08000b1c   0x08000b1c   0x00000014   Code   RO         1265    i.LL_RCC_HSI_IsReady  stm32g0xx_ll_rcc.o
    0x08000b30   0x08000b30   0x00000010   Code   RO         1266    i.LL_RCC_LSE_IsReady  stm32g0xx_ll_rcc.o
    0x08000b40   0x08000b40   0x00000010   Code   RO         1267    i.LL_RCC_PLL_GetDivider  stm32g0xx_ll_rcc.o
    0x08000b50   0x08000b50   0x00000014   Code   RO         1268    i.LL_RCC_PLL_GetN   stm32g0xx_ll_rcc.o
    0x08000b64   0x08000b64   0x00000018   Code   RO          225    i.LL_RCC_SetUSARTClockSource  usr_timer.o
    0x08000b7c   0x08000b7c   0x00000078   Code   RO         1530    i.LL_SPI_Init       stm32g0xx_ll_spi.o
    0x08000bf4   0x08000bf4   0x00000010   Code   RO          671    i.LL_SPI_IsActiveFlag_RXNE  usr_exflash.o
    0x08000c04   0x08000c04   0x0000000c   Code   RO          672    i.LL_SPI_IsActiveFlag_TXE  usr_exflash.o
    0x08000c10   0x08000c10   0x0000000c   Code   RO         1394    i.LL_SetSystemCoreClock  stm32g0xx_ll_utils.o
    0x08000c1c   0x08000c1c   0x000000d4   Code   RO         1784    i.LL_USART_Init     stm32g0xx_ll_usart.o
    0x08000cf0   0x08000cf0   0x0000000c   Code   RO          295    i.LL_USART_IsActiveFlag_IDLE  usr_uart.o
    0x08000cfc   0x08000cfc   0x0000000c   Code   RO          296    i.LL_USART_IsActiveFlag_ORE  usr_uart.o
    0x08000d08   0x08000d08   0x0000000c   Code   RO          297    i.LL_USART_IsActiveFlag_RXNE_RXFNE  usr_uart.o
    0x08000d14   0x08000d14   0x00000010   Code   RO         1785    i.LL_USART_IsEnabled  stm32g0xx_ll_usart.o
    0x08000d24   0x08000d24   0x00000078   Code   RO         1786    i.LL_USART_SetBaudRate  stm32g0xx_ll_usart.o
    0x08000d9c   0x08000d9c   0x00000034   Code   RO         1395    i.LL_mDelay         stm32g0xx_ll_utils.o
    0x08000dd0   0x08000dd0   0x00000002   Code   RO           13    i.NMI_Handler       stm32g0xx_it.o
    0x08000dd2   0x08000dd2   0x00000002   Code   RO           14    i.PendSV_Handler    stm32g0xx_it.o
    0x08000dd4   0x08000dd4   0x0000002c   Code   RO         1271    i.RCC_GetHCLKClockFreq  stm32g0xx_ll_rcc.o
    0x08000e00   0x08000e00   0x00000028   Code   RO         1272    i.RCC_GetPCLK1ClockFreq  stm32g0xx_ll_rcc.o
    0x08000e28   0x08000e28   0x00000058   Code   RO         1273    i.RCC_GetSystemClockFreq  stm32g0xx_ll_rcc.o
    0x08000e80   0x08000e80   0x00000060   Code   RO         1276    i.RCC_PLL_GetFreqDomain_SYS  stm32g0xx_ll_rcc.o
    0x08000ee0   0x08000ee0   0x00000048   Code   RO          380    i.SEGGER_RTT_Write  segger_rtt.o
    0x08000f28   0x08000f28   0x00000084   Code   RO          383    i.SEGGER_RTT_WriteNoLock  segger_rtt.o
    0x08000fac   0x08000fac   0x00000024   Code   RO          585    i.SEGGER_RTT_printf  segger_rtt_printf.o
    0x08000fd0   0x08000fd0   0x00000218   Code   RO          586    i.SEGGER_RTT_vprintf  segger_rtt_printf.o
    0x080011e8   0x080011e8   0x00000002   Code   RO           15    i.SPI1_IRQHandler   stm32g0xx_it.o
    0x080011ea   0x080011ea   0x00000022   Code   RO          793    i.STMFLASH_Read     usr_flash.o
    0x0800120c   0x0800120c   0x00000006   Code   RO          794    i.STMFLASH_ReadWord  usr_flash.o
    0x08001212   0x08001212   0x00000002   PAD
    0x08001214   0x08001214   0x00000050   Code   RO          795    i.STMFLASH_WriteFs  usr_flash.o
    0x08001264   0x08001264   0x00000068   Code   RO          796    i.STMFLASH_Write_NoCheck  usr_flash.o
    0x080012cc   0x080012cc   0x00000002   Code   RO           16    i.SVC_Handler       stm32g0xx_it.o
    0x080012ce   0x080012ce   0x00000002   Code   RO           17    i.SysTick_Handler   stm32g0xx_it.o
    0x080012d0   0x080012d0   0x00000160   Code   RO          226    i.SystemClock_Config  usr_timer.o
    0x08001430   0x08001430   0x00000010   Code   RO          622    i.SystemInit        system_stm32g0xx.o
    0x08001440   0x08001440   0x00000008   Code   RO          298    i.UART_Init         usr_uart.o
    0x08001448   0x08001448   0x00000118   Code   RO          299    i.UART_InitUartDebug  usr_uart.o
    0x08001560   0x08001560   0x00000074   Code   RO          906    i.UPG_AppUprate     usr_upgrade.o
    0x080015d4   0x080015d4   0x0000008c   Code   RO          300    i.USART3_4_IRQHandler  usr_uart.o
    0x08001660   0x08001660   0x00000064   Code   RO          856    i.Usr_InitHardware  usr_main.o
    0x080016c4   0x080016c4   0x00000008   Code   RO          857    i.Usr_InitValue     usr_main.o
    0x080016cc   0x080016cc   0x00000070   Code   RO          387    i._DoInit           segger_rtt.o
    0x0800173c   0x0800173c   0x0000001c   Code   RO          388    i._GetAvailWriteSpace  segger_rtt.o
    0x08001758   0x08001758   0x0000010e   Code   RO          587    i._PrintInt         segger_rtt_printf.o
    0x08001866   0x08001866   0x00000002   PAD
    0x08001868   0x08001868   0x0000011c   Code   RO          588    i._PrintUnsigned    segger_rtt_printf.o
    0x08001984   0x08001984   0x00000044   Code   RO          589    i._StoreChar        segger_rtt_printf.o
    0x080019c8   0x080019c8   0x0000007a   Code   RO          390    i._WriteBlocking    segger_rtt.o
    0x08001a42   0x08001a42   0x0000004a   Code   RO          391    i._WriteNoCheck     segger_rtt.o
    0x08001a8c   0x08001a8c   0x00000078   Code   RO          301    i.__NVIC_SetPriority  usr_uart.o
    0x08001b04   0x08001b04   0x00000034   Code   RO          907    i.__NVIC_SystemReset  usr_upgrade.o
    0x08001b38   0x08001b38   0x0000000e   Code   RO         1885    i.__scatterload_copy  mc_p.l(handlers.o)
    0x08001b46   0x08001b46   0x00000002   Code   RO         1886    i.__scatterload_null  mc_p.l(handlers.o)
    0x08001b48   0x08001b48   0x0000000e   Code   RO         1887    i.__scatterload_zeroinit  mc_p.l(handlers.o)
    0x08001b56   0x08001b56   0x00000002   PAD
    0x08001b58   0x08001b58   0x00000030   Code   RO          908    i.iap_load_app      usr_upgrade.o
    0x08001b88   0x08001b88   0x000001cc   Code   RO          909    i.iap_write_appbin  usr_upgrade.o
    0x08001d54   0x08001d54   0x000001d4   Code   RO          858    i.main              usr_main.o
    0x08001f28   0x08001f28   0x00000010   Data   RO          590    .constdata          segger_rtt_printf.o
    0x08001f38   0x08001f38   0x00000060   Data   RO          623    .constdata          system_stm32g0xx.o
    0x08001f98   0x08001f98   0x00000030   Data   RO         1788    .constdata          stm32g0xx_ll_usart.o
    0x08001fc8   0x08001fc8   0x00000042   Data   RO          912    .conststring        usr_upgrade.o
    0x0800200a   0x0800200a   0x00000002   PAD
    0x0800200c   0x0800200c   0x00000020   Data   RO         1883    Region$$Table       anon$$obj.o


    Execution Region RW_IRAM1 (Exec base: 0x20000000, Load base: 0x0800202c, Size: 0x000023c0, Max: 0x00009000, ABSOLUTE)

    Exec Addr    Load Addr    Size         Type   Attr      Idx    E Section Name        Object

    0x20000000   0x0800202c   0x00000004   Data   RW          624    .data               system_stm32g0xx.o
    0x20000004   0x08002030   0x00000008   Data   RW          860    .data               usr_main.o
    0x2000000c   0x08002038   0x00000005   Data   RW          913    .data               usr_upgrade.o
    0x20000011   0x0800203d   0x00000003   PAD
    0x20000014        -       0x000004b8   Zero   RW          392    .bss                segger_rtt.o
    0x200004cc        -       0x000000f4   Zero   RW          797    .bss                usr_flash.o
    0x200005c0        -       0x00001800   Zero   RW          910    .bss                usr_upgrade.o
    0x20001dc0        -       0x00000600   Zero   RW            1    STACK               startup_stm32g070xx.o


==============================================================================

Image component sizes


      Code (inc. data)   RO Data    RW Data    ZI Data      Debug   Object Name

       540         48          0          0       1208       7830   segger_rtt.o
      1194          4         16          0          0       5377   segger_rtt_printf.o
        28          8        184          0       1536        600   startup_stm32g070xx.o
        14          0          0          0          0     360281   stm32g0xx_it.o
       362         40          0          0          0       4858   stm32g0xx_ll_flash.o
       250          0          0          0          0       6871   stm32g0xx_ll_gpio.o
       576         80          0          0          0      22084   stm32g0xx_ll_rcc.o
       120          8          0          0          0      17074   stm32g0xx_ll_spi.o
       348         30         48          0          0      27444   stm32g0xx_ll_usart.o
       104         18          0          0          0       6205   stm32g0xx_ll_utils.o
        16          6         96          4          0       1019   system_stm32g0xx.o
      1056         22          0          0          0      27776   usr_exflash.o
       500        142          0          0        244       6340   usr_flash.o
       100          6          0          0          0       5044   usr_gpio.o
       604        298          0          8          0      14534   usr_main.o
       376         26          0          0          0      38225   usr_timer.o
       584         36          0          0          0      29879   usr_uart.o
       682        110         66          5       6144       3737   usr_upgrade.o

    ----------------------------------------------------------------------
      7468        882        444         20       9132     585178   Object Totals
         0          0         32          0          0          0   (incl. Generated)
        14          0          2          3          0          0   (incl. Padding)

    ----------------------------------------------------------------------

      Code (inc. data)   RO Data    RW Data    ZI Data      Debug   Library Member Name

         0          0          0          0          0          0   entry.o
         0          0          0          0          0          0   entry10a.o
         0          0          0          0          0          0   entry11a.o
         8          4          0          0          0          0   entry2.o
         4          0          0          0          0          0   entry5.o
         0          0          0          0          0          0   entry7b.o
         0          0          0          0          0          0   entry8b.o
         8          4          0          0          0          0   entry9a.o
        30          0          0          0          0          0   handlers.o
        40          0          0          0          0         72   idiv.o
        36          8          0          0          0         68   init.o
        34          0          0          0          0         68   llushr.o
        26          0          0          0          0         72   memcmp.o
        36          0          0          0          0         60   memcpya.o
        36          0          0          0          0        100   memseta.o
        18          0          0          0          0         60   strcpy.o
        44          0          0          0          0         72   uidiv.o

    ----------------------------------------------------------------------
       324         16          0          0          0        572   Library Totals
         4          0          0          0          0          0   (incl. Padding)

    ----------------------------------------------------------------------

      Code (inc. data)   RO Data    RW Data    ZI Data      Debug   Library Name

       320         16          0          0          0        572   mc_p.l

    ----------------------------------------------------------------------
       324         16          0          0          0        572   Library Totals

    ----------------------------------------------------------------------

==============================================================================


      Code (inc. data)   RO Data    RW Data    ZI Data      Debug   

      7792        898        444         20       9132     582110   Grand Totals
      7792        898        444         20       9132     582110   ELF Image Totals
      7792        898        444         20          0          0   ROM Totals

==============================================================================

    Total RO  Size (Code + RO Data)                 8236 (   8.04kB)
    Total RW  Size (RW Data + ZI Data)              9152 (   8.94kB)
    Total ROM Size (Code + RO Data + RW Data)       8256 (   8.06kB)

==============================================================================

